Archive member included to satisfy reference by file (symbol)

/Applications/STM32CubeIDE.app/Contents/Eclipse/plugins/com.st.stm32cube.ide.mcu.externaltools.gnu-tools-for-stm32.14.3.rel1.macosaarch64_1.0.0.202602081740/tools/bin/../lib/gcc/arm-none-eabi/14.3.1/../../../../arm-none-eabi/lib/thumb/v7e-m+fp/hard/libc_nano.a(libc_a-atof.o)
                              ./Core/Src/bluetooth.o (atof)
/Applications/STM32CubeIDE.app/Contents/Eclipse/plugins/com.st.stm32cube.ide.mcu.externaltools.gnu-tools-for-stm32.14.3.rel1.macosaarch64_1.0.0.202602081740/tools/bin/../lib/gcc/arm-none-eabi/14.3.1/../../../../arm-none-eabi/lib/thumb/v7e-m+fp/hard/libc_nano.a(libc_a-exit.o)
                              /Applications/STM32CubeIDE.app/Contents/Eclipse/plugins/com.st.stm32cube.ide.mcu.externaltools.gnu-tools-for-stm32.14.3.rel1.macosaarch64_1.0.0.202602081740/tools/bin/../lib/gcc/arm-none-eabi/14.3.1/../../../../arm-none-eabi/lib/thumb/v7e-m+fp/hard/crt0.o (exit)
/Applications/STM32CubeIDE.app/Contents/Eclipse/plugins/com.st.stm32cube.ide.mcu.externaltools.gnu-tools-for-stm32.14.3.rel1.macosaarch64_1.0.0.202602081740/tools/bin/../lib/gcc/arm-none-eabi/14.3.1/../../../../arm-none-eabi/lib/thumb/v7e-m+fp/hard/libc_nano.a(libc_a-nano-vfprintf_float.o)
                              (_printf_float)
/Applications/STM32CubeIDE.app/Contents/Eclipse/plugins/com.st.stm32cube.ide.mcu.externaltools.gnu-tools-for-stm32.14.3.rel1.macosaarch64_1.0.0.202602081740/tools/bin/../lib/gcc/arm-none-eabi/14.3.1/../../../../arm-none-eabi/lib/thumb/v7e-m+fp/hard/libc_nano.a(libc_a-nano-vfprintf_i.o)
                              /Applications/STM32CubeIDE.app/Contents/Eclipse/plugins/com.st.stm32cube.ide.mcu.externaltools.gnu-tools-for-stm32.14.3.rel1.macosaarch64_1.0.0.202602081740/tools/bin/../lib/gcc/arm-none-eabi/14.3.1/../../../../arm-none-eabi/lib/thumb/v7e-m+fp/hard/libc_nano.a(libc_a-nano-vfprintf_float.o) (_printf_common)
/Applications/STM32CubeIDE.app/Contents/Eclipse/plugins/com.st.stm32cube.ide.mcu.externaltools.gnu-tools-for-stm32.14.3.rel1.macosaarch64_1.0.0.202602081740/tools/bin/../lib/gcc/arm-none-eabi/14.3.1/../../../../arm-none-eabi/lib/thumb/v7e-m+fp/hard/libc_nano.a(libc_a-snprintf.o)
                              ./Core/Src/bluetooth.o (snprintf)
/Applications/STM32CubeIDE.app/Contents/Eclipse/plugins/com.st.stm32cube.ide.mcu.externaltools.gnu-tools-for-stm32.14.3.rel1.macosaarch64_1.0.0.202602081740/tools/bin/../lib/gcc/arm-none-eabi/14.3.1/../../../../arm-none-eabi/lib/thumb/v7e-m+fp/hard/libc_nano.a(libc_a-findfp.o)
                              /Applications/STM32CubeIDE.app/Contents/Eclipse/plugins/com.st.stm32cube.ide.mcu.externaltools.gnu-tools-for-stm32.14.3.rel1.macosaarch64_1.0.0.202602081740/tools/bin/../lib/gcc/arm-none-eabi/14.3.1/../../../../arm-none-eabi/lib/thumb/v7e-m+fp/hard/libc_nano.a(libc_a-exit.o) (__stdio_exit_handler)
/Applications/STM32CubeIDE.app/Contents/Eclipse/plugins/com.st.stm32cube.ide.mcu.externaltools.gnu-tools-for-stm32.14.3.rel1.macosaarch64_1.0.0.202602081740/tools/bin/../lib/gcc/arm-none-eabi/14.3.1/../../../../arm-none-eabi/lib/thumb/v7e-m+fp/hard/libc_nano.a(libc_a-strtod.o)
                              /Applications/STM32CubeIDE.app/Contents/Eclipse/plugins/com.st.stm32cube.ide.mcu.externaltools.gnu-tools-for-stm32.14.3.rel1.macosaarch64_1.0.0.202602081740/tools/bin/../lib/gcc/arm-none-eabi/14.3.1/../../../../arm-none-eabi/lib/thumb/v7e-m+fp/hard/libc_nano.a(libc_a-atof.o) (strtod)
/Applications/STM32CubeIDE.app/Contents/Eclipse/plugins/com.st.stm32cube.ide.mcu.externaltools.gnu-tools-for-stm32.14.3.rel1.macosaarch64_1.0.0.202602081740/tools/bin/../lib/gcc/arm-none-eabi/14.3.1/../../../../arm-none-eabi/lib/thumb/v7e-m+fp/hard/libc_nano.a(libc_a-fwalk.o)
                              /Applications/STM32CubeIDE.app/Contents/Eclipse/plugins/com.st.stm32cube.ide.mcu.externaltools.gnu-tools-for-stm32.14.3.rel1.macosaarch64_1.0.0.202602081740/tools/bin/../lib/gcc/arm-none-eabi/14.3.1/../../../../arm-none-eabi/lib/thumb/v7e-m+fp/hard/libc_nano.a(libc_a-findfp.o) (_fwalk_sglue)
/Applications/STM32CubeIDE.app/Contents/Eclipse/plugins/com.st.stm32cube.ide.mcu.externaltools.gnu-tools-for-stm32.14.3.rel1.macosaarch64_1.0.0.202602081740/tools/bin/../lib/gcc/arm-none-eabi/14.3.1/../../../../arm-none-eabi/lib/thumb/v7e-m+fp/hard/libc_nano.a(libc_a-memset.o)
                              /Applications/STM32CubeIDE.app/Contents/Eclipse/plugins/com.st.stm32cube.ide.mcu.externaltools.gnu-tools-for-stm32.14.3.rel1.macosaarch64_1.0.0.202602081740/tools/bin/../lib/gcc/arm-none-eabi/14.3.1/../../../../arm-none-eabi/lib/thumb/v7e-m+fp/hard/crt0.o (memset)
/Applications/STM32CubeIDE.app/Contents/Eclipse/plugins/com.st.stm32cube.ide.mcu.externaltools.gnu-tools-for-stm32.14.3.rel1.macosaarch64_1.0.0.202602081740/tools/bin/../lib/gcc/arm-none-eabi/14.3.1/../../../../arm-none-eabi/lib/thumb/v7e-m+fp/hard/libc_nano.a(libc_a-strncmp.o)
                              ./Core/Src/bluetooth.o (strncmp)
[...]
Memory Configuration

Name             Origin             Length             Attributes
RAM              0x20000000         0x00020000         xrw
FLASH            0x08000000         0x00080000         xr
*default*        0x00000000         0xffffffff

Linker script and memory map

LOAD /Applications/STM32CubeIDE.app/Contents/Eclipse/plugins/com.st.stm32cube.ide.mcu.externaltools.gnu-tools-for-stm32.14.3.rel1.macosaarch64_1.0.0.202602081740/tools/bin/../lib/gcc/arm-none-eabi/14.3.1/thumb/v7e-m+fp/hard/crti.o
LOAD /Applications/STM32CubeIDE.app/Contents/Eclipse/plugins/com.st.stm32cube.ide.mcu.externaltools.gnu-tools-for-stm32.14.3.rel1.macosaarch64_1.0.0.202602081740/tools/bin/../lib/gcc/arm-none-eabi/14.3.1/thumb/v7e-m+fp/hard/crtbegin.o
LOAD /Applications/STM32CubeIDE.app/Contents/Eclipse/plugins/com.st.stm32cube.ide.mcu.externaltools.gnu-tools-for-stm32.14.3.rel1.macosaarch64_1.0.0.202602081740/tools/bin/../lib/gcc/arm-none-eabi/14.3.1/../../../../arm-none-eabi/lib/thumb/v7e-m+fp/hard/crt0.o
LOAD ./Core/Src/bluetooth.o
LOAD ./Core/Src/freertos.o
LOAD ./Core/Src/main.o
LOAD ./Core/Src/motor.o
LOAD ./Core/Src/mpu6050.o
LOAD ./Core/Src/pid.o
LOAD ./Core/Src/stm32f4xx_hal_msp.o
LOAD ./Core/Src/stm32f4xx_it.o
LOAD ./Core/Src/syscalls.o
LOAD ./Core/Src/sysmem.o
LOAD ./Core/Src/system_stm32f4xx.o
LOAD ./Core/Startup/startup_stm32f411ceux.o
LOAD ./Drivers/STM32F4xx_HAL_Driver/Src/stm32f4xx_hal.o
LOAD ./Drivers/STM32F4xx_HAL_Driver/Src/stm32f4xx_hal_cortex.o
LOAD ./Drivers/STM32F4xx_HAL_Driver/Src/stm32f4xx_hal_dma.o
LOAD ./Drivers/STM32F4xx_HAL_Driver/Src/stm32f4xx_hal_dma_ex.o
LOAD ./Drivers/STM32F4xx_HAL_Driver/Src/stm32f4xx_hal_exti.o
LOAD ./Drivers/STM32F4xx_HAL_Driver/Src/stm32f4xx_hal_flash.o
LOAD ./Drivers/STM32F4xx_HAL_Driver/Src/stm32f4xx_hal_flash_ex.o
LOAD ./Drivers/STM32F4xx_HAL_Driver/Src/stm32f4xx_hal_flash_ramfunc.o
LOAD ./Drivers/STM32F4xx_HAL_Driver/Src/stm32f4xx_hal_gpio.o
LOAD ./Drivers/STM32F4xx_HAL_Driver/Src/stm32f4xx_hal_i2c.o
LOAD ./Drivers/STM32F4xx_HAL_Driver/Src/stm32f4xx_hal_i2c_ex.o
LOAD ./Drivers/STM32F4xx_HAL_Driver/Src/stm32f4xx_hal_pcd.o
LOAD ./Drivers/STM32F4xx_HAL_Driver/Src/stm32f4xx_hal_pcd_ex.o
LOAD ./Drivers/STM32F4xx_HAL_Driver/Src/stm32f4xx_hal_pwr.o
LOAD ./Drivers/STM32F4xx_HAL_Driver/Src/stm32f4xx_hal_pwr_ex.o
LOAD ./Drivers/STM32F4xx_HAL_Driver/Src/stm32f4xx_hal_rcc.o
LOAD ./Drivers/STM32F4xx_HAL_Driver/Src/stm32f4xx_hal_rcc_ex.o
LOAD ./Drivers/STM32F4xx_HAL_Driver/Src/stm32f4xx_hal_tim.o
LOAD ./Drivers/STM32F4xx_HAL_Driver/Src/stm32f4xx_hal_tim_ex.o
LOAD ./Drivers/STM32F4xx_HAL_Driver/Src/stm32f4xx_hal_uart.o
LOAD ./Drivers/STM32F4xx_HAL_Driver/Src/stm32f4xx_ll_usb.o
LOAD ./Middlewares/ST/STM32_USB_Device_Library/Class/CDC/Src/usbd_cdc.o
LOAD ./Middlewares/ST/STM32_USB_Device_Library/Core/Src/usbd_core.o
LOAD ./Middlewares/ST/STM32_USB_Device_Library/Core/Src/usbd_ctlreq.o
LOAD ./Middlewares/ST/STM32_USB_Device_Library/Core/Src/usbd_ioreq.o
LOAD ./Middlewares/Third_Party/FreeRTOS/Source/CMSIS_RTOS_V2/cmsis_os2.o
LOAD ./Middlewares/Third_Party/FreeRTOS/Source/croutine.o
LOAD ./Middlewares/Third_Party/FreeRTOS/Source/event_groups.o
LOAD ./Middlewares/Third_Party/FreeRTOS/Source/list.o
LOAD ./Middlewares/Third_Party/FreeRTOS/Source/queue.o
LOAD ./Middlewares/Third_Party/FreeRTOS/Source/stream_buffer.o
LOAD ./Middlewares/Third_Party/FreeRTOS/Source/tasks.o
LOAD ./Middlewares/Third_Party/FreeRTOS/Source/timers.o
LOAD ./Middlewares/Third_Party/FreeRTOS/Source/portable/GCC/ARM_CM4F/port.o
LOAD ./Middlewares/Third_Party/FreeRTOS/Source/portable/MemMang/heap_4.o
LOAD ./USB_DEVICE/App/usb_device.o
LOAD ./USB_DEVICE/App/usbd_cdc_if.o
LOAD ./USB_DEVICE/App/usbd_desc.o
LOAD ./USB_DEVICE/Target/usbd_conf.o
START GROUP
LOAD /Applications/STM32CubeIDE.app/Contents/Eclipse/plugins/com.st.stm32cube.ide.mcu.externaltools.gnu-tools-for-stm32.14.3.rel1.macosaarch64_1.0.0.202602081740/tools/bin/../lib/gcc/arm-none-eabi/14.3.1/../../../../arm-none-eabi/lib/thumb/v7e-m+fp/hard/libc_nano.a
LOAD /Applications/STM32CubeIDE.app/Contents/Eclipse/plugins/com.st.stm32cube.ide.mcu.externaltools.gnu-tools-for-stm32.14.3.rel1.macosaarch64_1.0.0.202602081740/tools/bin/../lib/gcc/arm-none-eabi/14.3.1/../../../../arm-none-eabi/lib/thumb/v7e-m+fp/hard/libm.a
END GROUP
START GROUP
LOAD /Applications/STM32CubeIDE.app/Contents/Eclipse/plugins/com.st.stm32cube.ide.mcu.externaltools.gnu-tools-for-stm32.14.3.rel1.macosaarch64_1.0.0.202602081740/tools/bin/../lib/gcc/arm-none-eabi/14.3.1/thumb/v7e-m+fp/hard/libgcc.a
LOAD /Applications/STM32CubeIDE.app/Contents/Eclipse/plugins/com.st.stm32cube.ide.mcu.externaltools.gnu-tools-for-stm32.14.3.rel1.macosaarch64_1.0.0.202602081740/tools/bin/../lib/gcc/arm-none-eabi/14.3.1/../../../../arm-none-eabi/lib/thumb/v7e-m+fp/hard/libc_nano.a
END GROUP
START GROUP
LOAD /Applications/STM32CubeIDE.app/Contents/Eclipse/plugins/com.st.stm32cube.ide.mcu.externaltools.gnu-tools-for-stm32.14.3.rel1.macosaarch64_1.0.0.202602081740/tools/bin/../lib/gcc/arm-none-eabi/14.3.1/thumb/v7e-m+fp/hard/libgcc.a
LOAD /Applications/STM32CubeIDE.app/Contents/Eclipse/plugins/com.st.stm32cube.ide.mcu.externaltools.gnu-tools-for-stm32.14.3.rel1.macosaarch64_1.0.0.202602081740/tools/bin/../lib/gcc/arm-none-eabi/14.3.1/../../../../arm-none-eabi/lib/thumb/v7e-m+fp/hard/libc_nano.a
LOAD /Applications/STM32CubeIDE.app/Contents/Eclipse/plugins/com.st.stm32cube.ide.mcu.externaltools.gnu-tools-for-stm32.14.3.rel1.macosaarch64_1.0.0.202602081740/tools/bin/../lib/gcc/arm-none-eabi/14.3.1/../../../../arm-none-eabi/lib/thumb/v7e-m+fp/hard/libnosys.a
END GROUP
START GROUP
LOAD /Applications/STM32CubeIDE.app/Contents/Eclipse/plugins/com.st.stm32cube.ide.mcu.externaltools.gnu-tools-for-stm32.14.3.rel1.macosaarch64_1.0.0.202602081740/tools/bin/../lib/gcc/arm-none-eabi/14.3.1/thumb/v7e-m+fp/hard/libgcc.a
LOAD /Applications/STM32CubeIDE.app/Contents/Eclipse/plugins/com.st.stm32cube.ide.mcu.externaltools.gnu-tools-for-stm32.14.3.rel1.macosaarch64_1.0.0.202602081740/tools/bin/../lib/gcc/arm-none-eabi/14.3.1/../../../../arm-none-eabi/lib/thumb/v7e-m+fp/hard/libc_nano.a
LOAD /Applications/STM32CubeIDE.app/Contents/Eclipse/plugins/com.st.stm32cube.ide.mcu.externaltools.gnu-tools-for-stm32.14.3.rel1.macosaarch64_1.0.0.202602081740/tools/bin/../lib/gcc/arm-none-eabi/14.3.1/../../../../arm-none-eabi/lib/thumb/v7e-m+fp/hard/libnosys.a
END GROUP
LOAD /Applications/STM32CubeIDE.app/Contents/Eclipse/plugins/com.st.stm32cube.ide.mcu.externaltools.gnu-tools-for-stm32.14.3.rel1.macosaarch64_1.0.0.202602081740/tools/bin/../lib/gcc/arm-none-eabi/14.3.1/thumb/v7e-m+fp/hard/crtend.o
LOAD /Applications/STM32CubeIDE.app/Contents/Eclipse/plugins/com.st.stm32cube.ide.mcu.externaltools.gnu-tools-for-stm32.14.3.rel1.macosaarch64_1.0.0.202602081740/tools/bin/../lib/gcc/arm-none-eabi/14.3.1/thumb/v7e-m+fp/hard/crtn.o
                0x20020000                        _estack = (ORIGIN (RAM) + LENGTH (RAM))
                0x00000200                        _Min_Heap_Size = 0x200
                0x00000400                        _Min_Stack_Size = 0x400

.isr_vector     0x08000000      0x198
                0x08000000                        . = ALIGN (0x4)
 *(.isr_vector)
 .isr_vector    0x08000000      0x198 ./Core/Startup/startup_stm32f411ceux.o
                0x08000000                g_pfnVectors
                0x08000198                        . = ALIGN (0x4)

.text           0x080001a0    0x12bec
                0x080001a0                        . = ALIGN (0x4)
 *(.text)
 .text          0x080001a0       0x40 /Applications/STM32CubeIDE.app/Contents/Eclipse/plugins/com.st.stm32cube.ide.mcu.externaltools.gnu-tools-for-stm32.14.3.rel1.macosaarch64_1.0.0.202602081740/tools/bin/../lib/gcc/arm-none-eabi/14.3.1/thumb/v7e-m+fp/hard/crtbegin.o
 .text          0x080001e0       0xa0 /Applications/STM32CubeIDE.app/Contents/Eclipse/plugins/com.st.stm32cube.ide.mcu.externaltools.gnu-tools-for-stm32.14.3.rel1.macosaarch64_1.0.0.202602081740/tools/bin/../lib/gcc/arm-none-eabi/14.3.1/../../../../arm-none-eabi/lib/thumb/v7e-m+fp/hard/libc_nano.a(libc_a-memchr.o)
                0x080001e0                memchr
 .text          0x08000280       0x10 /Applications/STM32CubeIDE.app/Contents/Eclipse/plugins/com.st.stm32cube.ide.mcu.externaltools.gnu-tools-for-stm32.14.3.rel1.macosaarch64_1.0.0.202602081740/tools/bin/../lib/gcc/arm-none-eabi/14.3.1/../../../../arm-none-eabi/lib/thumb/v7e-m+fp/hard/libc_nano.a(libc_a-strlen.o)
                0x08000280                strlen
 .text          0x08000290      0x378 /Applications/STM32CubeIDE.app/Contents/Eclipse/plugins/com.st.stm32cube.ide.mcu.externaltools.gnu-tools-for-stm32.14.3.rel1.macosaarch64_1.0.0.202602081740/tools/bin/../lib/gcc/arm-none-eabi/14.3.1/thumb/v7e-m+fp/hard/libgcc.a(_arm_addsubdf3.o)
                0x08000290                __aeabi_drsub
                0x08000298                __subdf3
                0x08000298                __aeabi_dsub
                0x0800029c                __aeabi_dadd
                0x0800029c                __adddf3
                0x08000514                __aeabi_ui2d
                0x08000514                __floatunsidf
                0x08000534                __floatsidf
                0x08000534                __aeabi_i2d
                0x08000558                __extendsfdf2
                0x08000558                __aeabi_f2d
                0x0800059c                __aeabi_ul2d
                0x0800059c                __floatundidf
                0x080005ac                __aeabi_l2d
                0x080005ac                __floatdidf
 .text          0x08000608      0x424 /Applications/STM32CubeIDE.app/Contents/Eclipse/plugins/com.st.stm32cube.ide.mcu.externaltools.gnu-tools-for-stm32.14.3.rel1.macosaarch64_1.0.0.202602081740/tools/bin/../lib/gcc/arm-none-eabi/14.3.1/thumb/v7e-m+fp/hard/libgcc.a(_arm_muldivdf3.o)
                0x08000608                __aeabi_dmul
                0x08000608                __muldf3
                0x0800085c                __aeabi_ddiv
                0x0800085c                __divdf3
 .text          0x08000a2c      0x110 /Applications/STM32CubeIDE.app/Contents/Eclipse/plugins/com.st.stm32cube.ide.mcu.externaltools.gnu-tools-for-stm32.14.3.rel1.macosaarch64_1.0.0.202602081740/tools/bin/../lib/gcc/arm-none-eabi/14.3.1/thumb/v7e-m+fp/hard/libgcc.a(_arm_cmpdf2.o)
                0x08000a2c                __gedf2
                0x08000a2c                __gtdf2
                0x08000a34                __ledf2
                0x08000a34                __ltdf2
                0x08000a3c                __cmpdf2
                0x08000a3c                __eqdf2
                0x08000a3c                __nedf2
                0x08000ab8                __aeabi_cdrcmple
                0x08000ac8                __aeabi_cdcmple
                0x08000ac8                __aeabi_cdcmpeq
                0x08000ad8                __aeabi_dcmpeq
                0x08000aec                __aeabi_dcmplt
                0x08000b00                __aeabi_dcmple
                0x08000b14                __aeabi_dcmpge
                0x08000b28                __aeabi_dcmpgt
 .text          0x08000b3c       0x2c /Applications/STM32CubeIDE.app/Contents/Eclipse/plugins/com.st.stm32cube.ide.mcu.externaltools.gnu-tools-for-stm32.14.3.rel1.macosaarch64_1.0.0.202602081740/tools/bin/../lib/gcc/arm-none-eabi/14.3.1/thumb/v7e-m+fp/hard/libgcc.a(_arm_unorddf2.o)
                0x08000b3c                __aeabi_dcmpun
                0x08000b3c                __unorddf2
 .text          0x08000b68       0x50 /Applications/STM32CubeIDE.app/Contents/Eclipse/plugins/com.st.stm32cube.ide.mcu.externaltools.gnu-tools-for-stm32.14.3.rel1.macosaarch64_1.0.0.202602081740/tools/bin/../lib/gcc/arm-none-eabi/14.3.1/thumb/v7e-m+fp/hard/libgcc.a(_arm_fixdfsi.o)
                0x08000b68                __fixdfsi
                0x08000b68                __aeabi_d2iz
 .text          0x08000bb8       0x40 /Applications/STM32CubeIDE.app/Contents/Eclipse/plugins/com.st.stm32cube.ide.mcu.externaltools.gnu-tools-for-stm32.14.3.rel1.macosaarch64_1.0.0.202602081740/tools/bin/../lib/gcc/arm-none-eabi/14.3.1/thumb/v7e-m+fp/hard/libgcc.a(_arm_fixunsdfsi.o)
                0x08000bb8                __fixunsdfsi
                0x08000bb8                __aeabi_d2uiz
 .text          0x08000bf8       0xa0 /Applications/STM32CubeIDE.app/Contents/Eclipse/plugins/com.st.stm32cube.ide.mcu.externaltools.gnu-tools-for-stm32.14.3.rel1.macosaarch64_1.0.0.202602081740/tools/bin/../lib/gcc/arm-none-eabi/14.3.1/thumb/v7e-m+fp/hard/libgcc.a(_arm_truncdfsf2.o)
                0x08000bf8                __aeabi_d2f
                0x08000bf8                __truncdfsf2
 .text          0x08000c98       0x30 /Applications/STM32CubeIDE.app/Contents/Eclipse/plugins/com.st.stm32cube.ide.mcu.externaltools.gnu-tools-for-stm32.14.3.rel1.macosaarch64_1.0.0.202602081740/tools/bin/../lib/gcc/arm-none-eabi/14.3.1/thumb/v7e-m+fp/hard/libgcc.a(_aeabi_uldivmod.o)
                0x08000c98                __aeabi_uldivmod
 .text          0x08000cc8       0x30 /Applications/STM32CubeIDE.app/Contents/Eclipse/plugins/com.st.stm32cube.ide.mcu.externaltools.gnu-tools-for-stm32.14.3.rel1.macosaarch64_1.0.0.202602081740/tools/bin/../lib/gcc/arm-none-eabi/14.3.1/thumb/v7e-m+fp/hard/libgcc.a(_fixdfdi.o)
                0x08000cc8                __aeabi_d2lz
                0x08000cc8                __fixdfdi
 .text          0x08000cf8       0x3c /Applications/STM32CubeIDE.app/Contents/Eclipse/plugins/com.st.stm32cube.ide.mcu.externaltools.gnu-tools-for-stm32.14.3.rel1.macosaarch64_1.0.0.202602081740/tools/bin/../lib/gcc/arm-none-eabi/14.3.1/thumb/v7e-m+fp/hard/libgcc.a(_fixunsdfdi.o)
                0x08000cf8                __aeabi_d2ulz
                0x08000cf8                __fixunsdfdi
 .text          0x08000d34      0x2f8 /Applications/STM32CubeIDE.app/Contents/Eclipse/plugins/com.st.stm32cube.ide.mcu.externaltools.gnu-tools-for-stm32.14.3.rel1.macosaarch64_1.0.0.202602081740/tools/bin/../lib/gcc/arm-none-eabi/14.3.1/thumb/v7e-m+fp/hard/libgcc.a(_udivmoddi4.o)
                0x08000d34                __udivmoddi4
 .text          0x0800102c        0x4 /Applications/STM32CubeIDE.app/Contents/Eclipse/plugins/com.st.stm32cube.ide.mcu.externaltools.gnu-tools-for-stm32.14.3.rel1.macosaarch64_1.0.0.202602081740/tools/bin/../lib/gcc/arm-none-eabi/14.3.1/thumb/v7e-m+fp/hard/libgcc.a(_dvmd_tls.o)
                0x0800102c                __aeabi_ldiv0
                0x0800102c                __aeabi_idiv0
 *(.text*)
 .text.BT_Init  0x08001030       0x4c ./Core/Src/bluetooth.o
                0x08001030                BT_Init
 .text.BT_ParseCommand
                0x0800107c       0xc8 ./Core/Src/bluetooth.o
                0x0800107c                BT_ParseCommand
 .text.BT_SendData
                0x08001144       0xd8 ./Core/Src/bluetooth.o
                0x08001144                BT_SendData
 .text.main     0x0800121c      0x128 ./Core/Src/main.o
                0x0800121c                main
 .text.SystemClock_Config
                0x08001344       0xd0 ./Core/Src/main.o
                0x08001344                SystemClock_Config
 .text.MX_I2C1_Init
                0x08001414       0x5c ./Core/Src/main.o
 .text.MX_TIM1_Init
                0x08001470      0x158 ./Core/Src/main.o
 .text.MX_USART1_UART_Init
                0x080015c8       0x54 ./Core/Src/main.o
 .text.MX_GPIO_Init
                0x0800161c       0xd0 ./Core/Src/main.o
 .text.StartIMUTask
                0x080016ec       0x64 ./Core/Src/main.o
                0x080016ec                StartIMUTask
 .text.StartIMUDebugTask
                0x08001750       0x88 ./Core/Src/main.o
                0x08001750                StartIMUDebugTask
 .text.StartPIDTask
                0x080017d8       0x2c ./Core/Src/main.o
                0x080017d8                StartPIDTask
 .text.StartBTTask
                0x08001804       0x38 ./Core/Src/main.o
                0x08001804                StartBTTask
 .text.HAL_UARTEx_RxEventCallback
                0x0800183c       0x48 ./Core/Src/main.o
                0x0800183c                HAL_UARTEx_RxEventCallback
 .text.StartDefaultTask
                0x08001884       0x16 ./Core/Src/main.o
                0x08001884                StartDefaultTask
 .text.Error_Handler
                0x0800189a        0xc ./Core/Src/main.o
                0x0800189a                Error_Handler
 *fill*         0x080018a6        0x2 
 .text.Motor_Init
                0x080018a8       0x34 ./Core/Src/motor.o
                0x080018a8                Motor_Init
 .text.Motor_Stop
                0x080018dc       0x4c ./Core/Src/motor.o
                0x080018dc                Motor_Stop
 .text.MPU6050_Init
                0x08001928       0x76 ./Core/Src/mpu6050.o
                0x08001928                MPU6050_Init
 *fill*         0x0800199e        0x2 
 .text.MPU6050_ReadData
                0x080019a0      0x148 ./Core/Src/mpu6050.o
                0x080019a0                MPU6050_ReadData
 .text.PID_Init
                0x08001ae8       0x4a ./Core/Src/pid.o
                0x08001ae8                PID_Init
 *fill*         0x08001b32        0x2 
 .text.HAL_MspInit
                0x08001b34       0x58 ./Core/Src/stm32f4xx_hal_msp.o
                0x08001b34                HAL_MspInit
 .text.HAL_I2C_MspInit
                0x08001b8c       0x90 ./Core/Src/stm32f4xx_hal_msp.o
                0x08001b8c                HAL_I2C_MspInit
 .text.HAL_TIM_Base_MspInit
                0x08001c1c       0x44 ./Core/Src/stm32f4xx_hal_msp.o
                0x08001c1c                HAL_TIM_Base_MspInit
 .text.HAL_TIM_MspPostInit
                0x08001c60       0x74 ./Core/Src/stm32f4xx_hal_msp.o
                0x08001c60                HAL_TIM_MspPostInit
 .text.HAL_UART_MspInit
                0x08001cd4       0xe0 ./Core/Src/stm32f4xx_hal_msp.o
                0x08001cd4                HAL_UART_MspInit
 .text.NMI_Handler
                0x08001db4        0x8 ./Core/Src/stm32f4xx_it.o
                0x08001db4                NMI_Handler
 .text.HardFault_Handler
                0x08001dbc        0x8 ./Core/Src/stm32f4xx_it.o
                0x08001dbc                HardFault_Handler
 .text.MemManage_Handler
                0x08001dc4        0x8 ./Core/Src/stm32f4xx_it.o
                0x08001dc4                MemManage_Handler
 .text.BusFault_Handler
                0x08001dcc        0x8 ./Core/Src/stm32f4xx_it.o
                0x08001dcc                BusFault_Handler
 .text.UsageFault_Handler
                0x08001dd4        0x8 ./Core/Src/stm32f4xx_it.o
                0x08001dd4                UsageFault_Handler
 .text.DebugMon_Handler
                0x08001ddc        0xe ./Core/Src/stm32f4xx_it.o
                0x08001ddc                DebugMon_Handler
 *fill*         0x08001dea        0x2 
 .text.SysTick_Handler
                0x08001dec       0x24 ./Core/Src/stm32f4xx_it.o
                0x08001dec                SysTick_Handler
 .text.USART1_IRQHandler
                0x08001e10       0x14 ./Core/Src/stm32f4xx_it.o
                0x08001e10                USART1_IRQHandler
 .text.OTG_FS_IRQHandler
                0x08001e24       0x14 ./Core/Src/stm32f4xx_it.o
                0x08001e24                OTG_FS_IRQHandler
 .text._getpid  0x08001e38       0x10 ./Core/Src/syscalls.o
                0x08001e38                _getpid
 .text._kill    0x08001e48       0x20 ./Core/Src/syscalls.o
                0x08001e48                _kill
 .text._exit    0x08001e68       0x16 ./Core/Src/syscalls.o
                0x08001e68                _exit
 .text._read    0x08001e7e       0x3a ./Core/Src/syscalls.o
                0x08001e7e                _read
 .text._write   0x08001eb8       0x38 ./Core/Src/syscalls.o
                0x08001eb8                _write
 .text._close   0x08001ef0       0x18 ./Core/Src/syscalls.o
                0x08001ef0                _close
 .text._fstat   0x08001f08       0x20 ./Core/Src/syscalls.o
                0x08001f08                _fstat
 .text._isatty  0x08001f28       0x16 ./Core/Src/syscalls.o
                0x08001f28                _isatty
 .text._lseek   0x08001f3e       0x1a ./Core/Src/syscalls.o
                0x08001f3e                _lseek
 .text._sbrk    0x08001f58       0x6c ./Core/Src/sysmem.o
                0x08001f58                _sbrk
 .text.SystemInit
                0x08001fc4       0x24 ./Core/Src/system_stm32f4xx.o
                0x08001fc4                SystemInit
 .text.Reset_Handler
                0x08001fe8       0x50 ./Core/Startup/startup_stm32f411ceux.o
                0x08001fe8                Reset_Handler
 .text.Default_Handler
                0x08002038        0x2 ./Core/Startup/startup_stm32f411ceux.o
                0x08002038                DMA1_Stream3_IRQHandler
                0x08002038                EXTI2_IRQHandler
                0x08002038                SPI4_IRQHandler
                0x08002038                TIM1_CC_IRQHandler
                0x08002038                DMA2_Stream5_IRQHandler
                0x08002038                DMA1_Stream5_IRQHandler
                0x08002038                PVD_IRQHandler
                0x08002038                SDIO_IRQHandler
                0x08002038                TAMP_STAMP_IRQHandler
                0x08002038                EXTI3_IRQHandler
                0x08002038                TIM1_UP_TIM10_IRQHandler
                0x08002038                I2C3_ER_IRQHandler
                0x08002038                EXTI0_IRQHandler
                0x08002038                I2C2_EV_IRQHandler
                0x08002038                DMA1_Stream2_IRQHandler
                0x08002038                FPU_IRQHandler
                0x08002038                DMA2_Stream2_IRQHandler
                0x08002038                SPI1_IRQHandler
                0x08002038                TIM1_BRK_TIM9_IRQHandler
                0x08002038                DMA2_Stream3_IRQHandler
                0x08002038                USART6_IRQHandler
                0x08002038                DMA2_Stream0_IRQHandler
                0x08002038                TIM4_IRQHandler
                0x08002038                I2C1_EV_IRQHandler
                0x08002038                DMA1_Stream6_IRQHandler
                0x08002038                DMA1_Stream1_IRQHandler
                0x08002038                TIM3_IRQHandler
                0x08002038                RCC_IRQHandler
                0x08002038                Default_Handler
                0x08002038                EXTI15_10_IRQHandler
                0x08002038                ADC_IRQHandler
                0x08002038                DMA1_Stream7_IRQHandler
                0x08002038                SPI5_IRQHandler
                0x08002038                TIM5_IRQHandler
                0x08002038                DMA2_Stream7_IRQHandler
                0x08002038                I2C3_EV_IRQHandler
                0x08002038                EXTI9_5_IRQHandler
                0x08002038                RTC_WKUP_IRQHandler
                0x08002038                SPI2_IRQHandler
                0x08002038                DMA1_Stream0_IRQHandler
                0x08002038                EXTI4_IRQHandler
                0x08002038                WWDG_IRQHandler
                0x08002038                TIM2_IRQHandler
                0x08002038                OTG_FS_WKUP_IRQHandler
                0x08002038                TIM1_TRG_COM_TIM11_IRQHandler
                0x08002038                EXTI1_IRQHandler
                0x08002038                USART2_IRQHandler
                0x08002038                I2C2_ER_IRQHandler
                0x08002038                DMA2_Stream1_IRQHandler
                0x08002038                FLASH_IRQHandler
                0x08002038                DMA2_Stream4_IRQHandler
                0x08002038                SPI3_IRQHandler
                0x08002038                DMA1_Stream4_IRQHandler
                0x08002038                I2C1_ER_IRQHandler
                0x08002038                DMA2_Stream6_IRQHandler
                0x08002038                RTC_Alarm_IRQHandler
 *fill*         0x0800203a        0x2 
 .text.HAL_Init
                0x0800203c       0x44 ./Drivers/STM32F4xx_HAL_Driver/Src/stm32f4xx_hal.o
                0x0800203c                HAL_Init
 .text.HAL_InitTick
                0x08002080       0x60 ./Drivers/STM32F4xx_HAL_Driver/Src/stm32f4xx_hal.o
                0x08002080                HAL_InitTick
 .text.HAL_IncTick
                0x080020e0       0x28 ./Drivers/STM32F4xx_HAL_Driver/Src/stm32f4xx_hal.o
                0x080020e0                HAL_IncTick
 .text.HAL_GetTick
                0x08002108       0x18 ./Drivers/STM32F4xx_HAL_Driver/Src/stm32f4xx_hal.o
                0x08002108                HAL_GetTick
 .text.HAL_Delay
                0x08002120       0x48 ./Drivers/STM32F4xx_HAL_Driver/Src/stm32f4xx_hal.o
                0x08002120                HAL_Delay
 .text.__NVIC_SetPriorityGrouping
                0x08002168       0x48 ./Drivers/STM32F4xx_HAL_Driver/Src/stm32f4xx_hal_cortex.o
 .text.__NVIC_GetPriorityGrouping
                0x080021b0       0x1c ./Drivers/STM32F4xx_HAL_Driver/Src/stm32f4xx_hal_cortex.o
 .text.__NVIC_EnableIRQ
                0x080021cc       0x3c ./Drivers/STM32F4xx_HAL_Driver/Src/stm32f4xx_hal_cortex.o
 .text.__NVIC_SetPriority
                0x08002208       0x54 ./Drivers/STM32F4xx_HAL_Driver/Src/stm32f4xx_hal_cortex.o
 .text.NVIC_EncodePriority
                0x0800225c       0x66 ./Drivers/STM32F4xx_HAL_Driver/Src/stm32f4xx_hal_cortex.o
 *fill*         0x080022c2        0x2 
 .text.SysTick_Config
                0x080022c4       0x44 ./Drivers/STM32F4xx_HAL_Driver/Src/stm32f4xx_hal_cortex.o
 .text.HAL_NVIC_SetPriorityGrouping
                0x08002308       0x16 ./Drivers/STM32F4xx_HAL_Driver/Src/stm32f4xx_hal_cortex.o
                0x08002308                HAL_NVIC_SetPriorityGrouping
 .text.HAL_NVIC_SetPriority
                0x0800231e       0x38 ./Drivers/STM32F4xx_HAL_Driver/Src/stm32f4xx_hal_cortex.o
                0x0800231e                HAL_NVIC_SetPriority
 .text.HAL_NVIC_EnableIRQ
                0x08002356       0x1c ./Drivers/STM32F4xx_HAL_Driver/Src/stm32f4xx_hal_cortex.o
                0x08002356                HAL_NVIC_EnableIRQ
 .text.HAL_SYSTICK_Config
                0x08002372       0x18 ./Drivers/STM32F4xx_HAL_Driver/Src/stm32f4xx_hal_cortex.o
                0x08002372                HAL_SYSTICK_Config
 .text.HAL_DMA_Abort
                0x0800238a       0xe0 ./Drivers/STM32F4xx_HAL_Driver/Src/stm32f4xx_hal_dma.o
                0x0800238a                HAL_DMA_Abort
 .text.HAL_DMA_Abort_IT
                0x0800246a       0x44 ./Drivers/STM32F4xx_HAL_Driver/Src/stm32f4xx_hal_dma.o
                0x0800246a                HAL_DMA_Abort_IT
 *fill*         0x080024ae        0x2 
 .text.HAL_GPIO_Init
                0x080024b0      0x308 ./Drivers/STM32F4xx_HAL_Driver/Src/stm32f4xx_hal_gpio.o
                0x080024b0                HAL_GPIO_Init
 .text.HAL_GPIO_WritePin
                0x080027b8       0x32 ./Drivers/STM32F4xx_HAL_Driver/Src/stm32f4xx_hal_gpio.o
                0x080027b8                HAL_GPIO_WritePin
 .text.HAL_GPIO_TogglePin
                0x080027ea       0x34 ./Drivers/STM32F4xx_HAL_Driver/Src/stm32f4xx_hal_gpio.o
                0x080027ea                HAL_GPIO_TogglePin
 *fill*         0x0800281e        0x2 
 .text.HAL_I2C_Init
                0x08002820      0x288 ./Drivers/STM32F4xx_HAL_Driver/Src/stm32f4xx_hal_i2c.o
                0x08002820                HAL_I2C_Init
 .text.HAL_I2C_Mem_Write
                0x08002aa8      0x1f4 ./Drivers/STM32F4xx_HAL_Driver/Src/stm32f4xx_hal_i2c.o
                0x08002aa8                HAL_I2C_Mem_Write
 .text.HAL_I2C_Mem_Read
                0x08002c9c      0x464 ./Drivers/STM32F4xx_HAL_Driver/Src/stm32f4xx_hal_i2c.o
                0x08002c9c                HAL_I2C_Mem_Read
 .text.I2C_RequestMemoryWrite
                0x08003100      0x12c ./Drivers/STM32F4xx_HAL_Driver/Src/stm32f4xx_hal_i2c.o
 .text.I2C_RequestMemoryRead
                0x0800322c      0x1d0 ./Drivers/STM32F4xx_HAL_Driver/Src/stm32f4xx_hal_i2c.o
 .text.I2C_WaitOnFlagUntilTimeout
                0x080033fc       0xf4 ./Drivers/STM32F4xx_HAL_Driver/Src/stm32f4xx_hal_i2c.o
 .text.I2C_WaitOnMasterAddressFlagUntilTimeout
                0x080034f0      0x140 ./Drivers/STM32F4xx_HAL_Driver/Src/stm32f4xx_hal_i2c.o
 .text.I2C_WaitOnTXEFlagUntilTimeout
                0x08003630       0x90 ./Drivers/STM32F4xx_HAL_Driver/Src/stm32f4xx_hal_i2c.o
 .text.I2C_WaitOnBTFFlagUntilTimeout
                0x080036c0       0x90 ./Drivers/STM32F4xx_HAL_Driver/Src/stm32f4xx_hal_i2c.o
 .text.I2C_WaitOnRXNEFlagUntilTimeout
                0x08003750       0xba ./Drivers/STM32F4xx_HAL_Driver/Src/stm32f4xx_hal_i2c.o
 .text.I2C_IsAcknowledgeFailed
                0x0800380a       0x5e ./Drivers/STM32F4xx_HAL_Driver/Src/stm32f4xx_hal_i2c.o
 .text.HAL_PCD_Init
                0x08003868      0x21e ./Drivers/STM32F4xx_HAL_Driver/Src/stm32f4xx_hal_pcd.o
                0x08003868                HAL_PCD_Init
 .text.HAL_PCD_Start
                0x08003a86       0x6a ./Drivers/STM32F4xx_HAL_Driver/Src/stm32f4xx_hal_pcd.o
                0x08003a86                HAL_PCD_Start
 .text.HAL_PCD_IRQHandler
                0x08003af0      0x942 ./Drivers/STM32F4xx_HAL_Driver/Src/stm32f4xx_hal_pcd.o
                0x08003af0                HAL_PCD_IRQHandler
 .text.HAL_PCD_SetAddress
                0x08004432       0x48 ./Drivers/STM32F4xx_HAL_Driver/Src/stm32f4xx_hal_pcd.o
                0x08004432                HAL_PCD_SetAddress
 .text.HAL_PCD_EP_Open
                0x0800447a       0xd4 ./Drivers/STM32F4xx_HAL_Driver/Src/stm32f4xx_hal_pcd.o
                0x0800447a                HAL_PCD_EP_Open
 .text.HAL_PCD_EP_Close
                0x0800454e       0x94 ./Drivers/STM32F4xx_HAL_Driver/Src/stm32f4xx_hal_pcd.o
                0x0800454e                HAL_PCD_EP_Close
 .text.HAL_PCD_EP_Receive
                0x080045e2       0x76 ./Drivers/STM32F4xx_HAL_Driver/Src/stm32f4xx_hal_pcd.o
                0x080045e2                HAL_PCD_EP_Receive
 .text.HAL_PCD_EP_GetRxCount
                0x08004658       0x30 ./Drivers/STM32F4xx_HAL_Driver/Src/stm32f4xx_hal_pcd.o
                0x08004658                HAL_PCD_EP_GetRxCount
 .text.HAL_PCD_EP_Transmit
                0x08004688       0x74 ./Drivers/STM32F4xx_HAL_Driver/Src/stm32f4xx_hal_pcd.o
                0x08004688                HAL_PCD_EP_Transmit
 .text.HAL_PCD_EP_SetStall
                0x080046fc       0xc6 ./Drivers/STM32F4xx_HAL_Driver/Src/stm32f4xx_hal_pcd.o
                0x080046fc                HAL_PCD_EP_SetStall
 .text.HAL_PCD_EP_ClrStall
                0x080047c2       0xac ./Drivers/STM32F4xx_HAL_Driver/Src/stm32f4xx_hal_pcd.o
                0x080047c2                HAL_PCD_EP_ClrStall
 .text.HAL_PCD_EP_Abort
                0x0800486e       0x62 ./Drivers/STM32F4xx_HAL_Driver/Src/stm32f4xx_hal_pcd.o
                0x0800486e                HAL_PCD_EP_Abort
 .text.PCD_WriteEmptyTxFifo
                0x080048d0      0x118 ./Drivers/STM32F4xx_HAL_Driver/Src/stm32f4xx_hal_pcd.o
 .text.PCD_EP_OutXfrComplete_int
                0x080049e8      0x1d0 ./Drivers/STM32F4xx_HAL_Driver/Src/stm32f4xx_hal_pcd.o
 .text.PCD_EP_OutSetupPacket_int
                0x08004bb8       0x8c ./Drivers/STM32F4xx_HAL_Driver/Src/stm32f4xx_hal_pcd.o
 .text.HAL_PCDEx_SetTxFiFo
                0x08004c44       0x8e ./Drivers/STM32F4xx_HAL_Driver/Src/stm32f4xx_hal_pcd_ex.o
                0x08004c44                HAL_PCDEx_SetTxFiFo
 .text.HAL_PCDEx_SetRxFiFo
                0x08004cd2       0x22 ./Drivers/STM32F4xx_HAL_Driver/Src/stm32f4xx_hal_pcd_ex.o
                0x08004cd2                HAL_PCDEx_SetRxFiFo
 .text.HAL_PCDEx_LPM_Callback
                0x08004cf4       0x18 ./Drivers/STM32F4xx_HAL_Driver/Src/stm32f4xx_hal_pcd_ex.o
                0x08004cf4                HAL_PCDEx_LPM_Callback
 .text.HAL_RCC_OscConfig
                0x08004d0c      0x4f0 ./Drivers/STM32F4xx_HAL_Driver/Src/stm32f4xx_hal_rcc.o
                0x08004d0c                HAL_RCC_OscConfig
 .text.HAL_RCC_ClockConfig
                0x080051fc      0x1cc ./Drivers/STM32F4xx_HAL_Driver/Src/stm32f4xx_hal_rcc.o
                0x080051fc                HAL_RCC_ClockConfig
 .text.HAL_RCC_GetSysClockFreq
                0x080053c8      0x188 ./Drivers/STM32F4xx_HAL_Driver/Src/stm32f4xx_hal_rcc.o
                0x080053c8                HAL_RCC_GetSysClockFreq
 .text.HAL_RCC_GetHCLKFreq
                0x08005550       0x18 ./Drivers/STM32F4xx_HAL_Driver/Src/stm32f4xx_hal_rcc.o
                0x08005550                HAL_RCC_GetHCLKFreq
 .text.HAL_RCC_GetPCLK1Freq
                0x08005568       0x28 ./Drivers/STM32F4xx_HAL_Driver/Src/stm32f4xx_hal_rcc.o
                0x08005568                HAL_RCC_GetPCLK1Freq
 .text.HAL_RCC_GetPCLK2Freq
                0x08005590       0x28 ./Drivers/STM32F4xx_HAL_Driver/Src/stm32f4xx_hal_rcc.o
                0x08005590                HAL_RCC_GetPCLK2Freq
 .text.HAL_TIM_Base_Init
                0x080055b8       0x9e ./Drivers/STM32F4xx_HAL_Driver/Src/stm32f4xx_hal_tim.o
                0x080055b8                HAL_TIM_Base_Init
 .text.HAL_TIM_PWM_Init
                0x08005656       0x9e ./Drivers/STM32F4xx_HAL_Driver/Src/stm32f4xx_hal_tim.o
                0x08005656                HAL_TIM_PWM_Init
 .text.HAL_TIM_PWM_MspInit
                0x080056f4       0x14 ./Drivers/STM32F4xx_HAL_Driver/Src/stm32f4xx_hal_tim.o
                0x080056f4                HAL_TIM_PWM_MspInit
 .text.HAL_TIM_PWM_Start
                0x08005708      0x160 ./Drivers/STM32F4xx_HAL_Driver/Src/stm32f4xx_hal_tim.o
                0x08005708                HAL_TIM_PWM_Start
 .text.HAL_TIM_PWM_ConfigChannel
                0x08005868      0x184 ./Drivers/STM32F4xx_HAL_Driver/Src/stm32f4xx_hal_tim.o
                0x08005868                HAL_TIM_PWM_ConfigChannel
 .text.HAL_TIM_ConfigClockSource
                0x080059ec      0x18e ./Drivers/STM32F4xx_HAL_Driver/Src/stm32f4xx_hal_tim.o
                0x080059ec                HAL_TIM_ConfigClockSource
 *fill*         0x08005b7a        0x2 
 .text.TIM_Base_SetConfig
                0x08005b7c      0x10c ./Drivers/STM32F4xx_HAL_Driver/Src/stm32f4xx_hal_tim.o
                0x08005b7c                TIM_Base_SetConfig
 .text.TIM_OC1_SetConfig
                0x08005c88       0xcc ./Drivers/STM32F4xx_HAL_Driver/Src/stm32f4xx_hal_tim.o
 .text.TIM_OC2_SetConfig
                0x08005d54       0xd8 ./Drivers/STM32F4xx_HAL_Driver/Src/stm32f4xx_hal_tim.o
                0x08005d54                TIM_OC2_SetConfig
 .text.TIM_OC3_SetConfig
                0x08005e2c       0xd4 ./Drivers/STM32F4xx_HAL_Driver/Src/stm32f4xx_hal_tim.o
 .text.TIM_OC4_SetConfig
                0x08005f00       0xa0 ./Drivers/STM32F4xx_HAL_Driver/Src/stm32f4xx_hal_tim.o
 .text.TIM_TI1_ConfigInputStage
                0x08005fa0       0x5e ./Drivers/STM32F4xx_HAL_Driver/Src/stm32f4xx_hal_tim.o
 .text.TIM_TI2_ConfigInputStage
                0x08005ffe       0x60 ./Drivers/STM32F4xx_HAL_Driver/Src/stm32f4xx_hal_tim.o
 .text.TIM_ITRx_SetConfig
                0x0800605e       0x36 ./Drivers/STM32F4xx_HAL_Driver/Src/stm32f4xx_hal_tim.o
 .text.TIM_ETR_SetConfig
                0x08006094       0x40 ./Drivers/STM32F4xx_HAL_Driver/Src/stm32f4xx_hal_tim.o
                0x08006094                TIM_ETR_SetConfig
 .text.TIM_CCxChannelCmd
                0x080060d4       0x4a ./Drivers/STM32F4xx_HAL_Driver/Src/stm32f4xx_hal_tim.o
                0x080060d4                TIM_CCxChannelCmd
 *fill*         0x0800611e        0x2 
 .text.HAL_TIMEx_MasterConfigSynchronization
                0x08006120       0xdc ./Drivers/STM32F4xx_HAL_Driver/Src/stm32f4xx_hal_tim_ex.o
                0x08006120                HAL_TIMEx_MasterConfigSynchronization
 .text.HAL_TIMEx_ConfigBreakDeadTime
                0x080061fc       0xa4 ./Drivers/STM32F4xx_HAL_Driver/Src/stm32f4xx_hal_tim_ex.o
                0x080061fc                HAL_TIMEx_ConfigBreakDeadTime
 .text.HAL_UART_Init
                0x080062a0       0xa0 ./Drivers/STM32F4xx_HAL_Driver/Src/stm32f4xx_hal_uart.o
                0x080062a0                HAL_UART_Init
 .text.HAL_UART_Transmit
                0x08006340      0x116 ./Drivers/STM32F4xx_HAL_Driver/Src/stm32f4xx_hal_uart.o
                0x08006340                HAL_UART_Transmit
 .text.HAL_UARTEx_ReceiveToIdle_IT
                0x08006456       0xba ./Drivers/STM32F4xx_HAL_Driver/Src/stm32f4xx_hal_uart.o
                0x08006456                HAL_UARTEx_ReceiveToIdle_IT
 .text.HAL_UART_IRQHandler
                0x08006510      0x554 ./Drivers/STM32F4xx_HAL_Driver/Src/stm32f4xx_hal_uart.o
                0x08006510                HAL_UART_IRQHandler
 .text.HAL_UART_TxCpltCallback
                0x08006a64       0x14 ./Drivers/STM32F4xx_HAL_Driver/Src/stm32f4xx_hal_uart.o
                0x08006a64                HAL_UART_TxCpltCallback
 .text.HAL_UART_RxCpltCallback
                0x08006a78       0x14 ./Drivers/STM32F4xx_HAL_Driver/Src/stm32f4xx_hal_uart.o
                0x08006a78                HAL_UART_RxCpltCallback
 .text.HAL_UART_ErrorCallback
                0x08006a8c       0x14 ./Drivers/STM32F4xx_HAL_Driver/Src/stm32f4xx_hal_uart.o
                0x08006a8c                HAL_UART_ErrorCallback
 .text.UART_WaitOnFlagUntilTimeout
                0x08006aa0       0xb2 ./Drivers/STM32F4xx_HAL_Driver/Src/stm32f4xx_hal_uart.o
 .text.UART_Start_Receive_IT
                0x08006b52       0x74 ./Drivers/STM32F4xx_HAL_Driver/Src/stm32f4xx_hal_uart.o
                0x08006b52                UART_Start_Receive_IT
 .text.UART_EndRxTransfer
                0x08006bc6       0xc6 ./Drivers/STM32F4xx_HAL_Driver/Src/stm32f4xx_hal_uart.o
 .text.UART_DMAAbortOnError
                0x08006c8c       0x22 ./Drivers/STM32F4xx_HAL_Driver/Src/stm32f4xx_hal_uart.o
 .text.UART_Transmit_IT
                0x08006cae       0xa0 ./Drivers/STM32F4xx_HAL_Driver/Src/stm32f4xx_hal_uart.o
 .text.UART_EndTransmit_IT
                0x08006d4e       0x30 ./Drivers/STM32F4xx_HAL_Driver/Src/stm32f4xx_hal_uart.o
 .text.UART_Receive_IT
                0x08006d7e      0x17c ./Drivers/STM32F4xx_HAL_Driver/Src/stm32f4xx_hal_uart.o
 *fill*         0x08006efa        0x2 
 .text.UART_SetConfig
                0x08006efc      0x4e8 ./Drivers/STM32F4xx_HAL_Driver/Src/stm32f4xx_hal_uart.o
 .text.USB_CoreInit
                0x080073e4       0xc8 ./Drivers/STM32F4xx_HAL_Driver/Src/stm32f4xx_ll_usb.o
                0x080073e4                USB_CoreInit
 .text.USB_SetTurnaroundTime
                0x080074ac      0x144 ./Drivers/STM32F4xx_HAL_Driver/Src/stm32f4xx_ll_usb.o
                0x080074ac                USB_SetTurnaroundTime
 .text.USB_EnableGlobalInt
                0x080075f0       0x22 ./Drivers/STM32F4xx_HAL_Driver/Src/stm32f4xx_ll_usb.o
                0x080075f0                USB_EnableGlobalInt
 .text.USB_DisableGlobalInt
                0x08007612       0x22 ./Drivers/STM32F4xx_HAL_Driver/Src/stm32f4xx_ll_usb.o
                0x08007612                USB_DisableGlobalInt
 .text.USB_SetCurrentMode
                0x08007634       0x98 ./Drivers/STM32F4xx_HAL_Driver/Src/stm32f4xx_ll_usb.o
                0x08007634                USB_SetCurrentMode
 .text.USB_DevInit
                0x080076cc      0x2c8 ./Drivers/STM32F4xx_HAL_Driver/Src/stm32f4xx_ll_usb.o
                0x080076cc                USB_DevInit
 .text.USB_FlushTxFifo
                0x08007994       0x64 ./Drivers/STM32F4xx_HAL_Driver/Src/stm32f4xx_ll_usb.o
                0x08007994                USB_FlushTxFifo
 .text.USB_FlushRxFifo
                0x080079f8       0x5c ./Drivers/STM32F4xx_HAL_Driver/Src/stm32f4xx_ll_usb.o
                0x080079f8                USB_FlushRxFifo
 .text.USB_SetDevSpeed
                0x08007a54       0x32 ./Drivers/STM32F4xx_HAL_Driver/Src/stm32f4xx_ll_usb.o
                0x08007a54                USB_SetDevSpeed
 .text.USB_GetDevSpeed
                0x08007a86       0x4a ./Drivers/STM32F4xx_HAL_Driver/Src/stm32f4xx_ll_usb.o
                0x08007a86                USB_GetDevSpeed
 .text.USB_ActivateEndpoint
                0x08007ad0      0x10e ./Drivers/STM32F4xx_HAL_Driver/Src/stm32f4xx_ll_usb.o
                0x08007ad0                USB_ActivateEndpoint
 *fill*         0x08007bde        0x2 
 .text.USB_DeactivateEndpoint
                0x08007be0      0x1b8 ./Drivers/STM32F4xx_HAL_Driver/Src/stm32f4xx_ll_usb.o
                0x08007be0                USB_DeactivateEndpoint
 .text.USB_EPStartXfer
                0x08007d98      0x53c ./Drivers/STM32F4xx_HAL_Driver/Src/stm32f4xx_ll_usb.o
                0x08007d98                USB_EPStartXfer
 .text.USB_EPStopXfer
                0x080082d4      0x154 ./Drivers/STM32F4xx_HAL_Driver/Src/stm32f4xx_ll_usb.o
                0x080082d4                USB_EPStopXfer
 .text.USB_WritePacket
                0x08008428       0x7c ./Drivers/STM32F4xx_HAL_Driver/Src/stm32f4xx_ll_usb.o
                0x08008428                USB_WritePacket
 .text.USB_ReadPacket
                0x080084a4       0xb0 ./Drivers/STM32F4xx_HAL_Driver/Src/stm32f4xx_ll_usb.o
                0x080084a4                USB_ReadPacket
 .text.USB_EPSetStall
                0x08008554       0xdc ./Drivers/STM32F4xx_HAL_Driver/Src/stm32f4xx_ll_usb.o
                0x08008554                USB_EPSetStall
 .text.USB_EPClearStall
                0x08008630       0xcc ./Drivers/STM32F4xx_HAL_Driver/Src/stm32f4xx_ll_usb.o
                0x08008630                USB_EPClearStall
 .text.USB_SetDevAddress
                0x080086fc       0x4c ./Drivers/STM32F4xx_HAL_Driver/Src/stm32f4xx_ll_usb.o
                0x080086fc                USB_SetDevAddress
 .text.USB_DevConnect
                0x08008748       0x42 ./Drivers/STM32F4xx_HAL_Driver/Src/stm32f4xx_ll_usb.o
                0x08008748                USB_DevConnect
 .text.USB_DevDisconnect
                0x0800878a       0x42 ./Drivers/STM32F4xx_HAL_Driver/Src/stm32f4xx_ll_usb.o
                0x0800878a                USB_DevDisconnect
 .text.USB_ReadInterrupts
                0x080087cc       0x26 ./Drivers/STM32F4xx_HAL_Driver/Src/stm32f4xx_ll_usb.o
                0x080087cc                USB_ReadInterrupts
 .text.USB_ReadDevAllOutEpInterrupt
                0x080087f2       0x34 ./Drivers/STM32F4xx_HAL_Driver/Src/stm32f4xx_ll_usb.o
                0x080087f2                USB_ReadDevAllOutEpInterrupt
 .text.USB_ReadDevAllInEpInterrupt
                0x08008826       0x34 ./Drivers/STM32F4xx_HAL_Driver/Src/stm32f4xx_ll_usb.o
                0x08008826                USB_ReadDevAllInEpInterrupt
 .text.USB_ReadDevOutEPInterrupt
                0x0800885a       0x3c ./Drivers/STM32F4xx_HAL_Driver/Src/stm32f4xx_ll_usb.o
                0x0800885a                USB_ReadDevOutEPInterrupt
 .text.USB_ReadDevInEPInterrupt
                0x08008896       0x5c ./Drivers/STM32F4xx_HAL_Driver/Src/stm32f4xx_ll_usb.o
                0x08008896                USB_ReadDevInEPInterrupt
 .text.USB_GetMode
                0x080088f2       0x1c ./Drivers/STM32F4xx_HAL_Driver/Src/stm32f4xx_ll_usb.o
                0x080088f2                USB_GetMode
 .text.USB_ActivateSetup
                0x0800890e       0x46 ./Drivers/STM32F4xx_HAL_Driver/Src/stm32f4xx_ll_usb.o
                0x0800890e                USB_ActivateSetup
 .text.USB_EP0_OutStart
                0x08008954       0xbc ./Drivers/STM32F4xx_HAL_Driver/Src/stm32f4xx_ll_usb.o
                0x08008954                USB_EP0_OutStart
 .text.USB_CoreReset
                0x08008a10       0x70 ./Drivers/STM32F4xx_HAL_Driver/Src/stm32f4xx_ll_usb.o
 .text.USBD_CDC_Init
                0x08008a80      0x1f0 ./Middlewares/ST/STM32_USB_Device_Library/Class/CDC/Src/usbd_cdc.o
 .text.USBD_CDC_DeInit
                0x08008c70      0x104 ./Middlewares/ST/STM32_USB_Device_Library/Class/CDC/Src/usbd_cdc.o
 .text.USBD_CDC_Setup
                0x08008d74      0x1b8 ./Middlewares/ST/STM32_USB_Device_Library/Class/CDC/Src/usbd_cdc.o
 .text.USBD_CDC_DataIn
                0x08008f2c       0xfe ./Middlewares/ST/STM32_USB_Device_Library/Class/CDC/Src/usbd_cdc.o
 .text.USBD_CDC_DataOut
                0x0800902a       0x70 ./Middlewares/ST/STM32_USB_Device_Library/Class/CDC/Src/usbd_cdc.o
 .text.USBD_CDC_EP0_RxReady
                0x0800909a       0x74 ./Middlewares/ST/STM32_USB_Device_Library/Class/CDC/Src/usbd_cdc.o
 *fill*         0x0800910e        0x2 
 .text.USBD_CDC_GetFSCfgDesc
                0x08009110       0x70 ./Middlewares/ST/STM32_USB_Device_Library/Class/CDC/Src/usbd_cdc.o
 .text.USBD_CDC_GetHSCfgDesc
                0x08009180       0x70 ./Middlewares/ST/STM32_USB_Device_Library/Class/CDC/Src/usbd_cdc.o
 .text.USBD_CDC_GetOtherSpeedCfgDesc
                0x080091f0       0x70 ./Middlewares/ST/STM32_USB_Device_Library/Class/CDC/Src/usbd_cdc.o
 .text.USBD_CDC_GetDeviceQualifierDescriptor
                0x08009260       0x20 ./Middlewares/ST/STM32_USB_Device_Library/Class/CDC/Src/usbd_cdc.o
                0x08009260                USBD_CDC_GetDeviceQualifierDescriptor
 .text.USBD_CDC_RegisterInterface
                0x08009280       0x34 ./Middlewares/ST/STM32_USB_Device_Library/Class/CDC/Src/usbd_cdc.o
                0x08009280                USBD_CDC_RegisterInterface
 .text.USBD_CDC_SetTxBuffer
                0x080092b4       0x44 ./Middlewares/ST/STM32_USB_Device_Library/Class/CDC/Src/usbd_cdc.o
                0x080092b4                USBD_CDC_SetTxBuffer
 .text.USBD_CDC_SetRxBuffer
                0x080092f8       0x3a ./Middlewares/ST/STM32_USB_Device_Library/Class/CDC/Src/usbd_cdc.o
                0x080092f8                USBD_CDC_SetRxBuffer
 *fill*         0x08009332        0x2 
 .text.USBD_CDC_TransmitPacket
                0x08009334       0x80 ./Middlewares/ST/STM32_USB_Device_Library/Class/CDC/Src/usbd_cdc.o
                0x08009334                USBD_CDC_TransmitPacket
 .text.USBD_CDC_ReceivePacket
                0x080093b4       0x6c ./Middlewares/ST/STM32_USB_Device_Library/Class/CDC/Src/usbd_cdc.o
                0x080093b4                USBD_CDC_ReceivePacket
 .text.USBD_Init
                0x08009420       0x60 ./Middlewares/ST/STM32_USB_Device_Library/Core/Src/usbd_core.o
                0x08009420                USBD_Init
 .text.USBD_RegisterClass
                0x08009480       0x6c ./Middlewares/ST/STM32_USB_Device_Library/Core/Src/usbd_core.o
                0x08009480                USBD_RegisterClass
 .text.USBD_Start
                0x080094ec       0x18 ./Middlewares/ST/STM32_USB_Device_Library/Core/Src/usbd_core.o
                0x080094ec                USBD_Start
 .text.USBD_RunTestMode
                0x08009504       0x16 ./Middlewares/ST/STM32_USB_Device_Library/Core/Src/usbd_core.o
                0x08009504                USBD_RunTestMode
 .text.USBD_SetClassConfig
                0x0800951a       0x38 ./Middlewares/ST/STM32_USB_Device_Library/Core/Src/usbd_core.o
                0x0800951a                USBD_SetClassConfig
 .text.USBD_ClrClassConfig
                0x08009552       0x34 ./Middlewares/ST/STM32_USB_Device_Library/Core/Src/usbd_core.o
                0x08009552                USBD_ClrClassConfig
 .text.USBD_LL_SetupStage
                0x08009586       0xaa ./Middlewares/ST/STM32_USB_Device_Library/Core/Src/usbd_core.o
                0x08009586                USBD_LL_SetupStage
 .text.USBD_LL_DataOutStage
                0x08009630      0x178 ./Middlewares/ST/STM32_USB_Device_Library/Core/Src/usbd_core.o
                0x08009630                USBD_LL_DataOutStage
 .text.USBD_LL_DataInStage
                0x080097a8      0x176 ./Middlewares/ST/STM32_USB_Device_Library/Core/Src/usbd_core.o
                0x080097a8                USBD_LL_DataInStage
 .text.USBD_LL_Reset
                0x0800991e       0xa6 ./Middlewares/ST/STM32_USB_Device_Library/Core/Src/usbd_core.o
                0x0800991e                USBD_LL_Reset
 .text.USBD_LL_SetSpeed
                0x080099c4       0x20 ./Middlewares/ST/STM32_USB_Device_Library/Core/Src/usbd_core.o
                0x080099c4                USBD_LL_SetSpeed
 .text.USBD_LL_Suspend
                0x080099e4       0x38 ./Middlewares/ST/STM32_USB_Device_Library/Core/Src/usbd_core.o
                0x080099e4                USBD_LL_Suspend
 .text.USBD_LL_Resume
                0x08009a1c       0x30 ./Middlewares/ST/STM32_USB_Device_Library/Core/Src/usbd_core.o
                0x08009a1c                USBD_LL_Resume
 .text.USBD_LL_SOF
                0x08009a4c       0x40 ./Middlewares/ST/STM32_USB_Device_Library/Core/Src/usbd_core.o
                0x08009a4c                USBD_LL_SOF
 .text.USBD_LL_IsoINIncomplete
                0x08009a8c       0x64 ./Middlewares/ST/STM32_USB_Device_Library/Core/Src/usbd_core.o
                0x08009a8c                USBD_LL_IsoINIncomplete
 .text.USBD_LL_IsoOUTIncomplete
                0x08009af0       0x64 ./Middlewares/ST/STM32_USB_Device_Library/Core/Src/usbd_core.o
                0x08009af0                USBD_LL_IsoOUTIncomplete
 .text.USBD_LL_DevConnected
                0x08009b54       0x16 ./Middlewares/ST/STM32_USB_Device_Library/Core/Src/usbd_core.o
                0x08009b54                USBD_LL_DevConnected
 .text.USBD_LL_DevDisconnected
                0x08009b6a       0x46 ./Middlewares/ST/STM32_USB_Device_Library/Core/Src/usbd_core.o
                0x08009b6a                USBD_LL_DevDisconnected
 .text.USBD_CoreFindIF
                0x08009bb0       0x1a ./Middlewares/ST/STM32_USB_Device_Library/Core/Src/usbd_core.o
                0x08009bb0                USBD_CoreFindIF
 .text.USBD_CoreFindEP
                0x08009bca       0x1a ./Middlewares/ST/STM32_USB_Device_Library/Core/Src/usbd_core.o
                0x08009bca                USBD_CoreFindEP
 .text.USBD_GetEpDesc
                0x08009be4       0x70 ./Middlewares/ST/STM32_USB_Device_Library/Core/Src/usbd_core.o
                0x08009be4                USBD_GetEpDesc
 .text.USBD_GetNextDesc
                0x08009c54       0x38 ./Middlewares/ST/STM32_USB_Device_Library/Core/Src/usbd_core.o
                0x08009c54                USBD_GetNextDesc
 .text.SWAPBYTE
                0x08009c8c       0x3e ./Middlewares/ST/STM32_USB_Device_Library/Core/Src/usbd_ctlreq.o
 *fill*         0x08009cca        0x2 
 .text.USBD_StdDevReq
                0x08009ccc       0xe4 ./Middlewares/ST/STM32_USB_Device_Library/Core/Src/usbd_ctlreq.o
                0x08009ccc                USBD_StdDevReq
 .text.USBD_StdItfReq
                0x08009db0       0xd8 ./Middlewares/ST/STM32_USB_Device_Library/Core/Src/usbd_ctlreq.o
                0x08009db0                USBD_StdItfReq
 .text.USBD_StdEPReq
                0x08009e88      0x33e ./Middlewares/ST/STM32_USB_Device_Library/Core/Src/usbd_ctlreq.o
                0x08009e88                USBD_StdEPReq
 *fill*         0x0800a1c6        0x2 
 .text.USBD_GetDescriptor
                0x0800a1c8      0x2d4 ./Middlewares/ST/STM32_USB_Device_Library/Core/Src/usbd_ctlreq.o
 .text.USBD_SetAddress
                0x0800a49c       0x88 ./Middlewares/ST/STM32_USB_Device_Library/Core/Src/usbd_ctlreq.o
 .text.USBD_SetConfig
                0x0800a524      0x154 ./Middlewares/ST/STM32_USB_Device_Library/Core/Src/usbd_ctlreq.o
 .text.USBD_GetConfig
                0x0800a678       0x6c ./Middlewares/ST/STM32_USB_Device_Library/Core/Src/usbd_ctlreq.o
 .text.USBD_GetStatus
                0x0800a6e4       0x68 ./Middlewares/ST/STM32_USB_Device_Library/Core/Src/usbd_ctlreq.o
 .text.USBD_SetFeature
                0x0800a74c       0x52 ./Middlewares/ST/STM32_USB_Device_Library/Core/Src/usbd_ctlreq.o
 .text.USBD_ClrFeature
                0x0800a79e       0x44 ./Middlewares/ST/STM32_USB_Device_Library/Core/Src/usbd_ctlreq.o
 .text.USBD_ParseSetupRequest
                0x0800a7e2       0x74 ./Middlewares/ST/STM32_USB_Device_Library/Core/Src/usbd_ctlreq.o
                0x0800a7e2                USBD_ParseSetupRequest
 .text.USBD_CtlError
                0x0800a856       0x22 ./Middlewares/ST/STM32_USB_Device_Library/Core/Src/usbd_ctlreq.o
                0x0800a856                USBD_CtlError
 .text.USBD_GetString
                0x0800a878       0xa4 ./Middlewares/ST/STM32_USB_Device_Library/Core/Src/usbd_ctlreq.o
                0x0800a878                USBD_GetString
 .text.USBD_GetLen
                0x0800a91c       0x34 ./Middlewares/ST/STM32_USB_Device_Library/Core/Src/usbd_ctlreq.o
 .text.USBD_CtlSendData
                0x0800a950       0x3c ./Middlewares/ST/STM32_USB_Device_Library/Core/Src/usbd_ioreq.o
                0x0800a950                USBD_CtlSendData
 .text.USBD_CtlContinueSendData
                0x0800a98c       0x22 ./Middlewares/ST/STM32_USB_Device_Library/Core/Src/usbd_ioreq.o
                0x0800a98c                USBD_CtlContinueSendData
 .text.USBD_CtlPrepareRx
                0x0800a9ae       0x42 ./Middlewares/ST/STM32_USB_Device_Library/Core/Src/usbd_ioreq.o
                0x0800a9ae                USBD_CtlPrepareRx
 .text.USBD_CtlContinueRx
                0x0800a9f0       0x22 ./Middlewares/ST/STM32_USB_Device_Library/Core/Src/usbd_ioreq.o
                0x0800a9f0                USBD_CtlContinueRx
 .text.USBD_CtlSendStatus
                0x0800aa12       0x26 ./Middlewares/ST/STM32_USB_Device_Library/Core/Src/usbd_ioreq.o
                0x0800aa12                USBD_CtlSendStatus
 .text.USBD_CtlReceiveStatus
                0x0800aa38       0x26 ./Middlewares/ST/STM32_USB_Device_Library/Core/Src/usbd_ioreq.o
                0x0800aa38                USBD_CtlReceiveStatus
 *fill*         0x0800aa5e        0x2 
 .text.__NVIC_SetPriority
                0x0800aa60       0x54 ./Middlewares/Third_Party/FreeRTOS/Source/CMSIS_RTOS_V2/cmsis_os2.o
 .text.SVC_Setup
                0x0800aab4       0x12 ./Middlewares/Third_Party/FreeRTOS/Source/CMSIS_RTOS_V2/cmsis_os2.o
 *fill*         0x0800aac6        0x2 
 .text.osKernelInitialize
                0x0800aac8       0x48 ./Middlewares/Third_Party/FreeRTOS/Source/CMSIS_RTOS_V2/cmsis_os2.o
                0x0800aac8                osKernelInitialize
 .text.osKernelStart
                0x0800ab10       0x4c ./Middlewares/Third_Party/FreeRTOS/Source/CMSIS_RTOS_V2/cmsis_os2.o
                0x0800ab10                osKernelStart
 .text.osThreadNew
                0x0800ab5c      0x124 ./Middlewares/Third_Party/FreeRTOS/Source/CMSIS_RTOS_V2/cmsis_os2.o
                0x0800ab5c                osThreadNew
 .text.osDelay  0x0800ac80       0x36 ./Middlewares/Third_Party/FreeRTOS/Source/CMSIS_RTOS_V2/cmsis_os2.o
                0x0800ac80                osDelay
 .text.osMutexNew
                0x0800acb6      0x10c ./Middlewares/Third_Party/FreeRTOS/Source/CMSIS_RTOS_V2/cmsis_os2.o
                0x0800acb6                osMutexNew
 .text.osMutexAcquire
                0x0800adc2       0x96 ./Middlewares/Third_Party/FreeRTOS/Source/CMSIS_RTOS_V2/cmsis_os2.o
                0x0800adc2                osMutexAcquire
 .text.osMutexRelease
                0x0800ae58       0x7a ./Middlewares/Third_Party/FreeRTOS/Source/CMSIS_RTOS_V2/cmsis_os2.o
                0x0800ae58                osMutexRelease
 *fill*         0x0800aed2        0x2 
 .text.vApplicationGetIdleTaskMemory
                0x0800aed4       0x34 ./Middlewares/Third_Party/FreeRTOS/Source/CMSIS_RTOS_V2/cmsis_os2.o
                0x0800aed4                vApplicationGetIdleTaskMemory
 .text.vApplicationGetTimerTaskMemory
                0x0800af08       0x34 ./Middlewares/Third_Party/FreeRTOS/Source/CMSIS_RTOS_V2/cmsis_os2.o
                0x0800af08                vApplicationGetTimerTaskMemory
 .text.vListInitialise
                0x0800af3c       0x40 ./Middlewares/Third_Party/FreeRTOS/Source/list.o
                0x0800af3c                vListInitialise
 .text.vListInitialiseItem
                0x0800af7c       0x1a ./Middlewares/Third_Party/FreeRTOS/Source/list.o
                0x0800af7c                vListInitialiseItem
 .text.vListInsertEnd
                0x0800af96       0x48 ./Middlewares/Third_Party/FreeRTOS/Source/list.o
                0x0800af96                vListInsertEnd
 .text.vListInsert
                0x0800afde       0x72 ./Middlewares/Third_Party/FreeRTOS/Source/list.o
                0x0800afde                vListInsert
 .text.uxListRemove
                0x0800b050       0x54 ./Middlewares/Third_Party/FreeRTOS/Source/list.o
                0x0800b050                uxListRemove
 .text.xQueueGenericReset
                0x0800b0a4       0xd4 ./Middlewares/Third_Party/FreeRTOS/Source/queue.o
                0x0800b0a4                xQueueGenericReset
 .text.xQueueGenericCreateStatic
                0x0800b178       0xfa ./Middlewares/Third_Party/FreeRTOS/Source/queue.o
                0x0800b178                xQueueGenericCreateStatic
 .text.xQueueGenericCreate
                0x0800b272       0x76 ./Middlewares/Third_Party/FreeRTOS/Source/queue.o
                0x0800b272                xQueueGenericCreate
 .text.prvInitialiseNewQueue
                0x0800b2e8       0x46 ./Middlewares/Third_Party/FreeRTOS/Source/queue.o
 .text.prvInitialiseMutex
                0x0800b32e       0x34 ./Middlewares/Third_Party/FreeRTOS/Source/queue.o
 .text.xQueueCreateMutex
                0x0800b362       0x30 ./Middlewares/Third_Party/FreeRTOS/Source/queue.o
                0x0800b362                xQueueCreateMutex
 .text.xQueueCreateMutexStatic
                0x0800b392       0x36 ./Middlewares/Third_Party/FreeRTOS/Source/queue.o
                0x0800b392                xQueueCreateMutexStatic
 .text.xQueueGiveMutexRecursive
                0x0800b3c8       0x6a ./Middlewares/Third_Party/FreeRTOS/Source/queue.o
                0x0800b3c8                xQueueGiveMutexRecursive
 .text.xQueueTakeMutexRecursive
                0x0800b432       0x6e ./Middlewares/Third_Party/FreeRTOS/Source/queue.o
                0x0800b432                xQueueTakeMutexRecursive
 .text.xQueueGenericSend
                0x0800b4a0      0x204 ./Middlewares/Third_Party/FreeRTOS/Source/queue.o
                0x0800b4a0                xQueueGenericSend
 .text.xQueueGenericSendFromISR
                0x0800b6a4      0x13c ./Middlewares/Third_Party/FreeRTOS/Source/queue.o
                0x0800b6a4                xQueueGenericSendFromISR
 .text.xQueueReceive
                0x0800b7e0      0x1c4 ./Middlewares/Third_Party/FreeRTOS/Source/queue.o
                0x0800b7e0                xQueueReceive
 .text.xQueueSemaphoreTake
                0x0800b9a4      0x220 ./Middlewares/Third_Party/FreeRTOS/Source/queue.o
                0x0800b9a4                xQueueSemaphoreTake
 .text.prvGetDisinheritPriorityAfterTimeout
                0x0800bbc4       0x30 ./Middlewares/Third_Party/FreeRTOS/Source/queue.o
 .text.prvCopyDataToQueue
                0x0800bbf4       0xd4 ./Middlewares/Third_Party/FreeRTOS/Source/queue.o
 .text.prvCopyDataFromQueue
                0x0800bcc8       0x4c ./Middlewares/Third_Party/FreeRTOS/Source/queue.o
 .text.prvUnlockQueue
                0x0800bd14       0xa4 ./Middlewares/Third_Party/FreeRTOS/Source/queue.o
 .text.prvIsQueueEmpty
                0x0800bdb8       0x2c ./Middlewares/Third_Party/FreeRTOS/Source/queue.o
 .text.prvIsQueueFull
                0x0800bde4       0x30 ./Middlewares/Third_Party/FreeRTOS/Source/queue.o
 .text.vQueueAddToRegistry
                0x0800be14       0x54 ./Middlewares/Third_Party/FreeRTOS/Source/queue.o
                0x0800be14                vQueueAddToRegistry
 .text.vQueueWaitForMessageRestricted
                0x0800be68       0x68 ./Middlewares/Third_Party/FreeRTOS/Source/queue.o
                0x0800be68                vQueueWaitForMessageRestricted
 .text.xTaskCreateStatic
                0x0800bed0       0xc0 ./Middlewares/Third_Party/FreeRTOS/Source/tasks.o
                0x0800bed0                xTaskCreateStatic
 .text.xTaskCreate
                0x0800bf90       0x8a ./Middlewares/Third_Party/FreeRTOS/Source/tasks.o
                0x0800bf90                xTaskCreate
 .text.prvInitialiseNewTask
                0x0800c01a      0x120 ./Middlewares/Third_Party/FreeRTOS/Source/tasks.o
 *fill*         0x0800c13a        0x2 
 .text.prvAddNewTaskToReadyList
                0x0800c13c       0xe0 ./Middlewares/Third_Party/FreeRTOS/Source/tasks.o
 .text.vTaskDelay
                0x0800c21c       0x6c ./Middlewares/Third_Party/FreeRTOS/Source/tasks.o
                0x0800c21c                vTaskDelay
 .text.vTaskStartScheduler
                0x0800c288       0xd0 ./Middlewares/Third_Party/FreeRTOS/Source/tasks.o
                0x0800c288                vTaskStartScheduler
 .text.vTaskSuspendAll
                0x0800c358       0x1c ./Middlewares/Third_Party/FreeRTOS/Source/tasks.o
                0x0800c358                vTaskSuspendAll
 .text.xTaskResumeAll
                0x0800c374      0x13c ./Middlewares/Third_Party/FreeRTOS/Source/tasks.o
                0x0800c374                xTaskResumeAll
 .text.xTaskGetTickCount
                0x0800c4b0       0x20 ./Middlewares/Third_Party/FreeRTOS/Source/tasks.o
                0x0800c4b0                xTaskGetTickCount
 .text.xTaskIncrementTick
                0x0800c4d0      0x174 ./Middlewares/Third_Party/FreeRTOS/Source/tasks.o
                0x0800c4d0                xTaskIncrementTick
 .text.vTaskSwitchContext
                0x0800c644       0xbc ./Middlewares/Third_Party/FreeRTOS/Source/tasks.o
                0x0800c644                vTaskSwitchContext
 .text.vTaskPlaceOnEventList
                0x0800c700       0x4c ./Middlewares/Third_Party/FreeRTOS/Source/tasks.o
                0x0800c700                vTaskPlaceOnEventList
 .text.vTaskPlaceOnEventListRestricted
                0x0800c74c       0x58 ./Middlewares/Third_Party/FreeRTOS/Source/tasks.o
                0x0800c74c                vTaskPlaceOnEventListRestricted
 .text.xTaskRemoveFromEventList
                0x0800c7a4       0xc8 ./Middlewares/Third_Party/FreeRTOS/Source/tasks.o
                0x0800c7a4                xTaskRemoveFromEventList
 .text.vTaskInternalSetTimeOutState
                0x0800c86c       0x2c ./Middlewares/Third_Party/FreeRTOS/Source/tasks.o
                0x0800c86c                vTaskInternalSetTimeOutState
 .text.xTaskCheckForTimeOut
                0x0800c898       0xc8 ./Middlewares/Third_Party/FreeRTOS/Source/tasks.o
                0x0800c898                xTaskCheckForTimeOut
 .text.vTaskMissedYield
                0x0800c960       0x18 ./Middlewares/Third_Party/FreeRTOS/Source/tasks.o
                0x0800c960                vTaskMissedYield
 .text.prvIdleTask
                0x0800c978       0x30 ./Middlewares/Third_Party/FreeRTOS/Source/tasks.o
 .text.prvInitialiseTaskLists
                0x0800c9a8       0x80 ./Middlewares/Third_Party/FreeRTOS/Source/tasks.o
 .text.prvCheckTasksWaitingTermination
                0x0800ca28       0x5c ./Middlewares/Third_Party/FreeRTOS/Source/tasks.o
 .text.prvDeleteTCB
                0x0800ca84       0x60 ./Middlewares/Third_Party/FreeRTOS/Source/tasks.o
 .text.prvResetNextTaskUnblockTime
                0x0800cae4       0x40 ./Middlewares/Third_Party/FreeRTOS/Source/tasks.o
 .text.xTaskGetCurrentTaskHandle
                0x0800cb24       0x20 ./Middlewares/Third_Party/FreeRTOS/Source/tasks.o
                0x0800cb24                xTaskGetCurrentTaskHandle
 .text.xTaskGetSchedulerState
                0x0800cb44       0x3c ./Middlewares/Third_Party/FreeRTOS/Source/tasks.o
                0x0800cb44                xTaskGetSchedulerState
 .text.xTaskPriorityInherit
                0x0800cb80       0xd0 ./Middlewares/Third_Party/FreeRTOS/Source/tasks.o
                0x0800cb80                xTaskPriorityInherit
 .text.xTaskPriorityDisinherit
                0x0800cc50       0xe0 ./Middlewares/Third_Party/FreeRTOS/Source/tasks.o
                0x0800cc50                xTaskPriorityDisinherit
 .text.vTaskPriorityDisinheritAfterTimeout
                0x0800cd30      0x108 ./Middlewares/Third_Party/FreeRTOS/Source/tasks.o
                0x0800cd30                vTaskPriorityDisinheritAfterTimeout
 .text.pvTaskIncrementMutexHeldCount
                0x0800ce38       0x28 ./Middlewares/Third_Party/FreeRTOS/Source/tasks.o
                0x0800ce38                pvTaskIncrementMutexHeldCount
 .text.prvAddCurrentTaskToDelayedList
                0x0800ce60       0xa8 ./Middlewares/Third_Party/FreeRTOS/Source/tasks.o
 .text.xTimerCreateTimerTask
                0x0800cf08       0x94 ./Middlewares/Third_Party/FreeRTOS/Source/timers.o
                0x0800cf08                xTimerCreateTimerTask
 .text.xTimerGenericCommand
                0x0800cf9c       0x9c ./Middlewares/Third_Party/FreeRTOS/Source/timers.o
                0x0800cf9c                xTimerGenericCommand
 .text.prvProcessExpiredTimer
                0x0800d038       0x9c ./Middlewares/Third_Party/FreeRTOS/Source/timers.o
 .text.prvTimerTask
                0x0800d0d4       0x26 ./Middlewares/Third_Party/FreeRTOS/Source/timers.o
 *fill*         0x0800d0fa        0x2 
 .text.prvProcessTimerOrBlockTask
                0x0800d0fc       0x9c ./Middlewares/Third_Party/FreeRTOS/Source/timers.o
 .text.prvGetNextExpireTime
                0x0800d198       0x48 ./Middlewares/Third_Party/FreeRTOS/Source/timers.o
 .text.prvSampleTimeNow
                0x0800d1e0       0x40 ./Middlewares/Third_Party/FreeRTOS/Source/timers.o
 .text.prvInsertTimerInActiveList
                0x0800d220       0x84 ./Middlewares/Third_Party/FreeRTOS/Source/timers.o
 .text.prvProcessReceivedCommands
                0x0800d2a4      0x1cc ./Middlewares/Third_Party/FreeRTOS/Source/timers.o
 .text.prvSwitchTimerLists
                0x0800d470       0xcc ./Middlewares/Third_Party/FreeRTOS/Source/timers.o
 .text.prvCheckForValidListAndQueue
                0x0800d53c       0x80 ./Middlewares/Third_Party/FreeRTOS/Source/timers.o
 .text.pxPortInitialiseStack
                0x0800d5bc       0x68 ./Middlewares/Third_Party/FreeRTOS/Source/portable/GCC/ARM_CM4F/port.o
                0x0800d5bc                pxPortInitialiseStack
 .text.prvTaskExitError
                0x0800d624       0x5c ./Middlewares/Third_Party/FreeRTOS/Source/portable/GCC/ARM_CM4F/port.o
 .text.SVC_Handler
                0x0800d680       0x28 ./Middlewares/Third_Party/FreeRTOS/Source/portable/GCC/ARM_CM4F/port.o
                0x0800d680                SVC_Handler
 .text.prvPortStartFirstTask
                0x0800d6a8       0x28 ./Middlewares/Third_Party/FreeRTOS/Source/portable/GCC/ARM_CM4F/port.o
 .text.xPortStartScheduler
                0x0800d6d0      0x148 ./Middlewares/Third_Party/FreeRTOS/Source/portable/GCC/ARM_CM4F/port.o
                0x0800d6d0                xPortStartScheduler
 .text.vPortEnterCritical
                0x0800d818       0x64 ./Middlewares/Third_Party/FreeRTOS/Source/portable/GCC/ARM_CM4F/port.o
                0x0800d818                vPortEnterCritical
 .text.vPortExitCritical
                0x0800d87c       0x54 ./Middlewares/Third_Party/FreeRTOS/Source/portable/GCC/ARM_CM4F/port.o
                0x0800d87c                vPortExitCritical
 .text.PendSV_Handler
                0x0800d8d0       0x68 ./Middlewares/Third_Party/FreeRTOS/Source/portable/GCC/ARM_CM4F/port.o
                0x0800d8d0                PendSV_Handler
 .text.xPortSysTickHandler
                0x0800d938       0x44 ./Middlewares/Third_Party/FreeRTOS/Source/portable/GCC/ARM_CM4F/port.o
                0x0800d938                xPortSysTickHandler
 .text.vPortSetupTimerInterrupt
                0x0800d97c       0x48 ./Middlewares/Third_Party/FreeRTOS/Source/portable/GCC/ARM_CM4F/port.o
                0x0800d97c                vPortSetupTimerInterrupt
 .text.vPortEnableVFP
                0x0800d9c4       0x14 ./Middlewares/Third_Party/FreeRTOS/Source/portable/GCC/ARM_CM4F/port.o
 .text.vPortValidateInterruptPriority
                0x0800d9d8       0x84 ./Middlewares/Third_Party/FreeRTOS/Source/portable/GCC/ARM_CM4F/port.o
                0x0800d9d8                vPortValidateInterruptPriority
 .text.pvPortMalloc
                0x0800da5c      0x19c ./Middlewares/Third_Party/FreeRTOS/Source/portable/MemMang/heap_4.o
                0x0800da5c                pvPortMalloc
 .text.vPortFree
                0x0800dbf8       0xc8 ./Middlewares/Third_Party/FreeRTOS/Source/portable/MemMang/heap_4.o
                0x0800dbf8                vPortFree
 .text.prvHeapInit
                0x0800dcc0       0xc4 ./Middlewares/Third_Party/FreeRTOS/Source/portable/MemMang/heap_4.o
 .text.prvInsertBlockIntoFreeList
                0x0800dd84       0xb4 ./Middlewares/Third_Party/FreeRTOS/Source/portable/MemMang/heap_4.o
 .text.MX_USB_DEVICE_Init
                0x0800de38       0x60 ./USB_DEVICE/App/usb_device.o
                0x0800de38                MX_USB_DEVICE_Init
 .text.CDC_Init_FS
                0x0800de98       0x28 ./USB_DEVICE/App/usbd_cdc_if.o
 .text.CDC_DeInit_FS
                0x0800dec0       0x10 ./USB_DEVICE/App/usbd_cdc_if.o
 .text.CDC_Control_FS
                0x0800ded0       0xbc ./USB_DEVICE/App/usbd_cdc_if.o
 .text.CDC_Receive_FS
                0x0800df8c       0x3c ./USB_DEVICE/App/usbd_cdc_if.o
 .text.CDC_Transmit_FS
                0x0800dfc8       0x4c ./USB_DEVICE/App/usbd_cdc_if.o
                0x0800dfc8                CDC_Transmit_FS
 .text.CDC_TransmitCplt_FS
                0x0800e014       0x22 ./USB_DEVICE/App/usbd_cdc_if.o
 *fill*         0x0800e036        0x2 
 .text.USBD_FS_DeviceDescriptor
                0x0800e038       0x24 ./USB_DEVICE/App/usbd_desc.o
                0x0800e038                USBD_FS_DeviceDescriptor
 .text.USBD_FS_LangIDStrDescriptor
                0x0800e05c       0x24 ./USB_DEVICE/App/usbd_desc.o
                0x0800e05c                USBD_FS_LangIDStrDescriptor
 .text.USBD_FS_ProductStrDescriptor
                0x0800e080       0x3c ./USB_DEVICE/App/usbd_desc.o
                0x0800e080                USBD_FS_ProductStrDescriptor
 .text.USBD_FS_ManufacturerStrDescriptor
                0x0800e0bc       0x28 ./USB_DEVICE/App/usbd_desc.o
                0x0800e0bc                USBD_FS_ManufacturerStrDescriptor
 .text.USBD_FS_SerialStrDescriptor
                0x0800e0e4       0x24 ./USB_DEVICE/App/usbd_desc.o
                0x0800e0e4                USBD_FS_SerialStrDescriptor
 .text.USBD_FS_ConfigStrDescriptor
                0x0800e108       0x3c ./USB_DEVICE/App/usbd_desc.o
                0x0800e108                USBD_FS_ConfigStrDescriptor
 .text.USBD_FS_InterfaceStrDescriptor
                0x0800e144       0x3c ./USB_DEVICE/App/usbd_desc.o
                0x0800e144                USBD_FS_InterfaceStrDescriptor
 .text.Get_SerialNum
                0x0800e180       0x58 ./USB_DEVICE/App/usbd_desc.o
 .text.IntToUnicode
                0x0800e1d8       0x7e ./USB_DEVICE/App/usbd_desc.o
 *fill*         0x0800e256        0x2 
 .text.HAL_PCD_MspInit
                0x0800e258       0xa8 ./USB_DEVICE/Target/usbd_conf.o
                0x0800e258                HAL_PCD_MspInit
 .text.HAL_PCD_SetupStageCallback
                0x0800e300       0x24 ./USB_DEVICE/Target/usbd_conf.o
                0x0800e300                HAL_PCD_SetupStageCallback
 .text.HAL_PCD_DataOutStageCallback
                0x0800e324       0x36 ./USB_DEVICE/Target/usbd_conf.o
                0x0800e324                HAL_PCD_DataOutStageCallback
 .text.HAL_PCD_DataInStageCallback
                0x0800e35a       0x34 ./USB_DEVICE/Target/usbd_conf.o
                0x0800e35a                HAL_PCD_DataInStageCallback
 .text.HAL_PCD_SOFCallback
                0x0800e38e       0x1c ./USB_DEVICE/Target/usbd_conf.o
                0x0800e38e                HAL_PCD_SOFCallback
 .text.HAL_PCD_ResetCallback
                0x0800e3aa       0x3c ./USB_DEVICE/Target/usbd_conf.o
                0x0800e3aa                HAL_PCD_ResetCallback
 *fill*         0x0800e3e6        0x2 
 .text.HAL_PCD_SuspendCallback
                0x0800e3e8       0x4c ./USB_DEVICE/Target/usbd_conf.o
                0x0800e3e8                HAL_PCD_SuspendCallback
 .text.HAL_PCD_ResumeCallback
                0x0800e434       0x1c ./USB_DEVICE/Target/usbd_conf.o
                0x0800e434                HAL_PCD_ResumeCallback
 .text.HAL_PCD_ISOOUTIncompleteCallback
                0x0800e450       0x24 ./USB_DEVICE/Target/usbd_conf.o
                0x0800e450                HAL_PCD_ISOOUTIncompleteCallback
 .text.HAL_PCD_ISOINIncompleteCallback
                0x0800e474       0x24 ./USB_DEVICE/Target/usbd_conf.o
                0x0800e474                HAL_PCD_ISOINIncompleteCallback
 .text.HAL_PCD_ConnectCallback
                0x0800e498       0x1c ./USB_DEVICE/Target/usbd_conf.o
                0x0800e498                HAL_PCD_ConnectCallback
 .text.HAL_PCD_DisconnectCallback
                0x0800e4b4       0x1c ./USB_DEVICE/Target/usbd_conf.o
                0x0800e4b4                HAL_PCD_DisconnectCallback
 .text.USBD_LL_Init
                0x0800e4d0       0x98 ./USB_DEVICE/Target/usbd_conf.o
                0x0800e4d0                USBD_LL_Init
 .text.USBD_LL_Start
                0x0800e568       0x36 ./USB_DEVICE/Target/usbd_conf.o
                0x0800e568                USBD_LL_Start
 .text.USBD_LL_OpenEP
                0x0800e59e       0x4c ./USB_DEVICE/Target/usbd_conf.o
                0x0800e59e                USBD_LL_OpenEP
 .text.USBD_LL_CloseEP
                0x0800e5ea       0x3e ./USB_DEVICE/Target/usbd_conf.o
                0x0800e5ea                USBD_LL_CloseEP
 .text.USBD_LL_StallEP
                0x0800e628       0x3e ./USB_DEVICE/Target/usbd_conf.o
                0x0800e628                USBD_LL_StallEP
 .text.USBD_LL_ClearStallEP
                0x0800e666       0x3e ./USB_DEVICE/Target/usbd_conf.o
                0x0800e666                USBD_LL_ClearStallEP
 .text.USBD_LL_IsStallEP
                0x0800e6a4       0x58 ./USB_DEVICE/Target/usbd_conf.o
                0x0800e6a4                USBD_LL_IsStallEP
 .text.USBD_LL_SetUSBAddress
                0x0800e6fc       0x3e ./USB_DEVICE/Target/usbd_conf.o
                0x0800e6fc                USBD_LL_SetUSBAddress
 .text.USBD_LL_Transmit
                0x0800e73a       0x42 ./USB_DEVICE/Target/usbd_conf.o
                0x0800e73a                USBD_LL_Transmit
 .text.USBD_LL_PrepareReceive
                0x0800e77c       0x42 ./USB_DEVICE/Target/usbd_conf.o
                0x0800e77c                USBD_LL_PrepareReceive
 .text.USBD_LL_GetRxDataSize
                0x0800e7be       0x26 ./USB_DEVICE/Target/usbd_conf.o
                0x0800e7be                USBD_LL_GetRxDataSize
 .text.USBD_static_malloc
                0x0800e7e4       0x1c ./USB_DEVICE/Target/usbd_conf.o
                0x0800e7e4                USBD_static_malloc
 .text.USBD_static_free
                0x0800e800       0x14 ./USB_DEVICE/Target/usbd_conf.o
                0x0800e800                USBD_static_free
 .text.USBD_Get_USB_Status
                0x0800e814       0x58 ./USB_DEVICE/Target/usbd_conf.o
                0x0800e814                USBD_Get_USB_Status
 .text.atof     0x0800e86c        0x6 /Applications/STM32CubeIDE.app/Contents/Eclipse/plugins/com.st.stm32cube.ide.mcu.externaltools.gnu-tools-for-stm32.14.3.rel1.macosaarch64_1.0.0.202602081740/tools/bin/../lib/gcc/arm-none-eabi/14.3.1/../../../../arm-none-eabi/lib/thumb/v7e-m+fp/hard/libc_nano.a(libc_a-atof.o)
                0x0800e86c                atof
 .text.__cvt    0x0800e872       0xca /Applications/STM32CubeIDE.app/Contents/Eclipse/plugins/com.st.stm32cube.ide.mcu.externaltools.gnu-tools-for-stm32.14.3.rel1.macosaarch64_1.0.0.202602081740/tools/bin/../lib/gcc/arm-none-eabi/14.3.1/../../../../arm-none-eabi/lib/thumb/v7e-m+fp/hard/libc_nano.a(libc_a-nano-vfprintf_float.o)
                0x0800e872                __cvt
 .text.__exponent
                0x0800e93c       0x74 /Applications/STM32CubeIDE.app/Contents/Eclipse/plugins/com.st.stm32cube.ide.mcu.externaltools.gnu-tools-for-stm32.14.3.rel1.macosaarch64_1.0.0.202602081740/tools/bin/../lib/gcc/arm-none-eabi/14.3.1/../../../../arm-none-eabi/lib/thumb/v7e-m+fp/hard/libc_nano.a(libc_a-nano-vfprintf_float.o)
                0x0800e93c                __exponent
 .text._printf_float
                0x0800e9b0      0x450 /Applications/STM32CubeIDE.app/Contents/Eclipse/plugins/com.st.stm32cube.ide.mcu.externaltools.gnu-tools-for-stm32.14.3.rel1.macosaarch64_1.0.0.202602081740/tools/bin/../lib/gcc/arm-none-eabi/14.3.1/../../../../arm-none-eabi/lib/thumb/v7e-m+fp/hard/libc_nano.a(libc_a-nano-vfprintf_float.o)
                0x0800e9b0                _printf_float
 .text._printf_common
                0x0800ee00       0xda /Applications/STM32CubeIDE.app/Contents/Eclipse/plugins/com.st.stm32cube.ide.mcu.externaltools.gnu-tools-for-stm32.14.3.rel1.macosaarch64_1.0.0.202602081740/tools/bin/../lib/gcc/arm-none-eabi/14.3.1/../../../../arm-none-eabi/lib/thumb/v7e-m+fp/hard/libc_nano.a(libc_a-nano-vfprintf_i.o)
                0x0800ee00                _printf_common
 *fill*         0x0800eeda        0x2 
 .text._printf_i
                0x0800eedc      0x24c /Applications/STM32CubeIDE.app/Contents/Eclipse/plugins/com.st.stm32cube.ide.mcu.externaltools.gnu-tools-for-stm32.14.3.rel1.macosaarch64_1.0.0.202602081740/tools/bin/../lib/gcc/arm-none-eabi/14.3.1/../../../../arm-none-eabi/lib/thumb/v7e-m+fp/hard/libc_nano.a(libc_a-nano-vfprintf_i.o)
                0x0800eedc                _printf_i
 .text.snprintf
                0x0800f128       0x6c /Applications/STM32CubeIDE.app/Contents/Eclipse/plugins/com.st.stm32cube.ide.mcu.externaltools.gnu-tools-for-stm32.14.3.rel1.macosaarch64_1.0.0.202602081740/tools/bin/../lib/gcc/arm-none-eabi/14.3.1/../../../../arm-none-eabi/lib/thumb/v7e-m+fp/hard/libc_nano.a(libc_a-snprintf.o)
                0x0800f128                snprintf
                0x0800f128                sniprintf
 .text.std      0x0800f194       0x6c /Applications/STM32CubeIDE.app/Contents/Eclipse/plugins/com.st.stm32cube.ide.mcu.externaltools.gnu-tools-for-stm32.14.3.rel1.macosaarch64_1.0.0.202602081740/tools/bin/../lib/gcc/arm-none-eabi/14.3.1/../../../../arm-none-eabi/lib/thumb/v7e-m+fp/hard/libc_nano.a(libc_a-findfp.o)
 .text.stdio_exit_handler
                0x0800f200       0x18 /Applications/STM32CubeIDE.app/Contents/Eclipse/plugins/com.st.stm32cube.ide.mcu.externaltools.gnu-tools-for-stm32.14.3.rel1.macosaarch64_1.0.0.202602081740/tools/bin/../lib/gcc/arm-none-eabi/14.3.1/../../../../arm-none-eabi/lib/thumb/v7e-m+fp/hard/libc_nano.a(libc_a-findfp.o)
 .text.cleanup_stdio
                0x0800f218       0x40 /Applications/STM32CubeIDE.app/Contents/Eclipse/plugins/com.st.stm32cube.ide.mcu.externaltools.gnu-tools-for-stm32.14.3.rel1.macosaarch64_1.0.0.202602081740/tools/bin/../lib/gcc/arm-none-eabi/14.3.1/../../../../arm-none-eabi/lib/thumb/v7e-m+fp/hard/libc_nano.a(libc_a-findfp.o)
 .text.global_stdio_init.part.0
                0x0800f258       0x40 /Applications/STM32CubeIDE.app/Contents/Eclipse/plugins/com.st.stm32cube.ide.mcu.externaltools.gnu-tools-for-stm32.14.3.rel1.macosaarch64_1.0.0.202602081740/tools/bin/../lib/gcc/arm-none-eabi/14.3.1/../../../../arm-none-eabi/lib/thumb/v7e-m+fp/hard/libc_nano.a(libc_a-findfp.o)
 .text.__sfp_lock_acquire
                0x0800f298        0xc /Applications/STM32CubeIDE.app/Contents/Eclipse/plugins/com.st.stm32cube.ide.mcu.externaltools.gnu-tools-for-stm32.14.3.rel1.macosaarch64_1.0.0.202602081740/tools/bin/../lib/gcc/arm-none-eabi/14.3.1/../../../../arm-none-eabi/lib/thumb/v7e-m+fp/hard/libc_nano.a(libc_a-findfp.o)
                0x0800f298                __sfp_lock_acquire
 .text.__sfp_lock_release
                0x0800f2a4        0xc /Applications/STM32CubeIDE.app/Contents/Eclipse/plugins/com.st.stm32cube.ide.mcu.externaltools.gnu-tools-for-stm32.14.3.rel1.macosaarch64_1.0.0.202602081740/tools/bin/../lib/gcc/arm-none-eabi/14.3.1/../../../../arm-none-eabi/lib/thumb/v7e-m+fp/hard/libc_nano.a(libc_a-findfp.o)
                0x0800f2a4                __sfp_lock_release
 .text.__sinit  0x0800f2b0       0x30 /Applications/STM32CubeIDE.app/Contents/Eclipse/plugins/com.st.stm32cube.ide.mcu.externaltools.gnu-tools-for-stm32.14.3.rel1.macosaarch64_1.0.0.202602081740/tools/bin/../lib/gcc/arm-none-eabi/14.3.1/../../../../arm-none-eabi/lib/thumb/v7e-m+fp/hard/libc_nano.a(libc_a-findfp.o)
                0x0800f2b0                __sinit
 .text.sulp     0x0800f2e0       0x3c /Applications/STM32CubeIDE.app/Contents/Eclipse/plugins/com.st.stm32cube.ide.mcu.externaltools.gnu-tools-for-stm32.14.3.rel1.macosaarch64_1.0.0.202602081740/tools/bin/../lib/gcc/arm-none-eabi/14.3.1/../../../../arm-none-eabi/lib/thumb/v7e-m+fp/hard/libc_nano.a(libc_a-strtod.o)
 *fill*         0x0800f31c        0x4 
 .text._strtod_l
                0x0800f320      0xbb8 /Applications/STM32CubeIDE.app/Contents/Eclipse/plugins/com.st.stm32cube.ide.mcu.externaltools.gnu-tools-for-stm32.14.3.rel1.macosaarch64_1.0.0.202602081740/tools/bin/../lib/gcc/arm-none-eabi/14.3.1/../../../../arm-none-eabi/lib/thumb/v7e-m+fp/hard/libc_nano.a(libc_a-strtod.o)
                0x0800f320                _strtod_l
 .text.strtod   0x0800fed8       0x18 /Applications/STM32CubeIDE.app/Contents/Eclipse/plugins/com.st.stm32cube.ide.mcu.externaltools.gnu-tools-for-stm32.14.3.rel1.macosaarch64_1.0.0.202602081740/tools/bin/../lib/gcc/arm-none-eabi/14.3.1/../../../../arm-none-eabi/lib/thumb/v7e-m+fp/hard/libc_nano.a(libc_a-strtod.o)
                0x0800fed8                strtod
 .text._fwalk_sglue
                0x0800fef0       0x3c /Applications/STM32CubeIDE.app/Contents/Eclipse/plugins/com.st.stm32cube.ide.mcu.externaltools.gnu-tools-for-stm32.14.3.rel1.macosaarch64_1.0.0.202602081740/tools/bin/../lib/gcc/arm-none-eabi/14.3.1/../../../../arm-none-eabi/lib/thumb/v7e-m+fp/hard/libc_nano.a(libc_a-fwalk.o)
                0x0800fef0                _fwalk_sglue
 .text.memset   0x0800ff2c       0x10 /Applications/STM32CubeIDE.app/Contents/Eclipse/plugins/com.st.stm32cube.ide.mcu.externaltools.gnu-tools-for-stm32.14.3.rel1.macosaarch64_1.0.0.202602081740/tools/bin/../lib/gcc/arm-none-eabi/14.3.1/../../../../arm-none-eabi/lib/thumb/v7e-m+fp/hard/libc_nano.a(libc_a-memset.o)
                0x0800ff2c                memset
 .text.strncmp  0x0800ff3c       0x24 /Applications/STM32CubeIDE.app/Contents/Eclipse/plugins/com.st.stm32cube.ide.mcu.externaltools.gnu-tools-for-stm32.14.3.rel1.macosaarch64_1.0.0.202602081740/tools/bin/../lib/gcc/arm-none-eabi/14.3.1/../../../../arm-none-eabi/lib/thumb/v7e-m+fp/hard/libc_nano.a(libc_a-strncmp.o)
                0x0800ff3c                strncmp
 .text.__errno  0x0800ff60        0xc /Applications/STM32CubeIDE.app/Contents/Eclipse/plugins/com.st.stm32cube.ide.mcu.externaltools.gnu-tools-for-stm32.14.3.rel1.macosaarch64_1.0.0.202602081740/tools/bin/../lib/gcc/arm-none-eabi/14.3.1/../../../../arm-none-eabi/lib/thumb/v7e-m+fp/hard/libc_nano.a(libc_a-errno.o)
                0x0800ff60                __errno
 .text.__libc_init_array
                0x0800ff6c       0x48 /Applications/STM32CubeIDE.app/Contents/Eclipse/plugins/com.st.stm32cube.ide.mcu.externaltools.gnu-tools-for-stm32.14.3.rel1.macosaarch64_1.0.0.202602081740/tools/bin/../lib/gcc/arm-none-eabi/14.3.1/../../../../arm-none-eabi/lib/thumb/v7e-m+fp/hard/libc_nano.a(libc_a-init.o)
                0x0800ff6c                __libc_init_array
 .text.__retarget_lock_init_recursive
                0x0800ffb4        0x2 /Applications/STM32CubeIDE.app/Contents/Eclipse/plugins/com.st.stm32cube.ide.mcu.externaltools.gnu-tools-for-stm32.14.3.rel1.macosaarch64_1.0.0.202602081740/tools/bin/../lib/gcc/arm-none-eabi/14.3.1/../../../../arm-none-eabi/lib/thumb/v7e-m+fp/hard/libc_nano.a(libc_a-lock.o)
                0x0800ffb4                __retarget_lock_init_recursive
 .text.__retarget_lock_acquire_recursive
                0x0800ffb6        0x2 /Applications/STM32CubeIDE.app/Contents/Eclipse/plugins/com.st.stm32cube.ide.mcu.externaltools.gnu-tools-for-stm32.14.3.rel1.macosaarch64_1.0.0.202602081740/tools/bin/../lib/gcc/arm-none-eabi/14.3.1/../../../../arm-none-eabi/lib/thumb/v7e-m+fp/hard/libc_nano.a(libc_a-lock.o)
                0x0800ffb6                __retarget_lock_acquire_recursive
 .text.__retarget_lock_release_recursive
                0x0800ffb8        0x2 /Applications/STM32CubeIDE.app/Contents/Eclipse/plugins/com.st.stm32cube.ide.mcu.externaltools.gnu-tools-for-stm32.14.3.rel1.macosaarch64_1.0.0.202602081740/tools/bin/../lib/gcc/arm-none-eabi/14.3.1/../../../../arm-none-eabi/lib/thumb/v7e-m+fp/hard/libc_nano.a(libc_a-lock.o)
                0x0800ffb8                __retarget_lock_release_recursive
 *fill*         0x0800ffba        0x2 
 .text._localeconv_r
                0x0800ffbc        0x8 /Applications/STM32CubeIDE.app/Contents/Eclipse/plugins/com.st.stm32cube.ide.mcu.externaltools.gnu-tools-for-stm32.14.3.rel1.macosaarch64_1.0.0.202602081740/tools/bin/../lib/gcc/arm-none-eabi/14.3.1/../../../../arm-none-eabi/lib/thumb/v7e-m+fp/hard/libc_nano.a(libc_a-localeconv.o)
                0x0800ffbc                _localeconv_r
 .text.memcpy   0x0800ffc4       0x1c /Applications/STM32CubeIDE.app/Contents/Eclipse/plugins/com.st.stm32cube.ide.mcu.externaltools.gnu-tools-for-stm32.14.3.rel1.macosaarch64_1.0.0.202602081740/tools/bin/../lib/gcc/arm-none-eabi/14.3.1/../../../../arm-none-eabi/lib/thumb/v7e-m+fp/hard/libc_nano.a(libc_a-memcpy-stub.o)
                0x0800ffc4                memcpy
 .text.nan      0x0800ffe0       0x10 /Applications/STM32CubeIDE.app/Contents/Eclipse/plugins/com.st.stm32cube.ide.mcu.externaltools.gnu-tools-for-stm32.14.3.rel1.macosaarch64_1.0.0.202602081740/tools/bin/../lib/gcc/arm-none-eabi/14.3.1/../../../../arm-none-eabi/lib/thumb/v7e-m+fp/hard/libc_nano.a(libm_a-s_nan.o)
                0x0800ffe0                nan
 .text.quorem   0x0800fff0      0x110 /Applications/STM32CubeIDE.app/Contents/Eclipse/plugins/com.st.stm32cube.ide.mcu.externaltools.gnu-tools-for-stm32.14.3.rel1.macosaarch64_1.0.0.202602081740/tools/bin/../lib/gcc/arm-none-eabi/14.3.1/../../../../arm-none-eabi/lib/thumb/v7e-m+fp/hard/libc_nano.a(libc_a-dtoa.o)
 .text._dtoa_r  0x08010100      0xbb8 /Applications/STM32CubeIDE.app/Contents/Eclipse/plugins/com.st.stm32cube.ide.mcu.externaltools.gnu-tools-for-stm32.14.3.rel1.macosaarch64_1.0.0.202602081740/tools/bin/../lib/gcc/arm-none-eabi/14.3.1/../../../../arm-none-eabi/lib/thumb/v7e-m+fp/hard/libc_nano.a(libc_a-dtoa.o)
                0x08010100                _dtoa_r
 .text.rshift   0x08010cb8       0xa4 /Applications/STM32CubeIDE.app/Contents/Eclipse/plugins/com.st.stm32cube.ide.mcu.externaltools.gnu-tools-for-stm32.14.3.rel1.macosaarch64_1.0.0.202602081740/tools/bin/../lib/gcc/arm-none-eabi/14.3.1/../../../../arm-none-eabi/lib/thumb/v7e-m+fp/hard/libc_nano.a(libc_a-gdtoa-gethex.o)
 .text.__hexdig_fun
                0x08010d5c       0x2a /Applications/STM32CubeIDE.app/Contents/Eclipse/plugins/com.st.stm32cube.ide.mcu.externaltools.gnu-tools-for-stm32.14.3.rel1.macosaarch64_1.0.0.202602081740/tools/bin/../lib/gcc/arm-none-eabi/14.3.1/../../../../arm-none-eabi/lib/thumb/v7e-m+fp/hard/libc_nano.a(libc_a-gdtoa-gethex.o)
                0x08010d5c                __hexdig_fun
 *fill*         0x08010d86        0x2 
 .text.__gethex
                0x08010d88      0x420 /Applications/STM32CubeIDE.app/Contents/Eclipse/plugins/com.st.stm32cube.ide.mcu.externaltools.gnu-tools-for-stm32.14.3.rel1.macosaarch64_1.0.0.202602081740/tools/bin/../lib/gcc/arm-none-eabi/14.3.1/../../../../arm-none-eabi/lib/thumb/v7e-m+fp/hard/libc_nano.a(libc_a-gdtoa-gethex.o)
                0x08010d88                __gethex
 .text.L_shift  0x080111a8       0x24 /Applications/STM32CubeIDE.app/Contents/Eclipse/plugins/com.st.stm32cube.ide.mcu.externaltools.gnu-tools-for-stm32.14.3.rel1.macosaarch64_1.0.0.202602081740/tools/bin/../lib/gcc/arm-none-eabi/14.3.1/../../../../arm-none-eabi/lib/thumb/v7e-m+fp/hard/libc_nano.a(libc_a-gdtoa-hexnan.o)
 .text.__match  0x080111cc       0x28 /Applications/STM32CubeIDE.app/Contents/Eclipse/plugins/com.st.stm32cube.ide.mcu.externaltools.gnu-tools-for-stm32.14.3.rel1.macosaarch64_1.0.0.202602081740/tools/bin/../lib/gcc/arm-none-eabi/14.3.1/../../../../arm-none-eabi/lib/thumb/v7e-m+fp/hard/libc_nano.a(libc_a-gdtoa-hexnan.o)
                0x080111cc                __match
 .text.__hexnan
                0x080111f4      0x13a /Applications/STM32CubeIDE.app/Contents/Eclipse/plugins/com.st.stm32cube.ide.mcu.externaltools.gnu-tools-for-stm32.14.3.rel1.macosaarch64_1.0.0.202602081740/tools/bin/../lib/gcc/arm-none-eabi/14.3.1/../../../../arm-none-eabi/lib/thumb/v7e-m+fp/hard/libc_nano.a(libc_a-gdtoa-hexnan.o)
                0x080111f4                __hexnan
 .text.__ssputs_r
                0x0801132e       0xc0 /Applications/STM32CubeIDE.app/Contents/Eclipse/plugins/com.st.stm32cube.ide.mcu.externaltools.gnu-tools-for-stm32.14.3.rel1.macosaarch64_1.0.0.202602081740/tools/bin/../lib/gcc/arm-none-eabi/14.3.1/../../../../arm-none-eabi/lib/thumb/v7e-m+fp/hard/libc_nano.a(libc_a-nano-svfprintf.o)
                0x0801132e                __ssputs_r
 *fill*         0x080113ee        0x2 
 .text._svfprintf_r
                0x080113f0      0x1f0 /Applications/STM32CubeIDE.app/Contents/Eclipse/plugins/com.st.stm32cube.ide.mcu.externaltools.gnu-tools-for-stm32.14.3.rel1.macosaarch64_1.0.0.202602081740/tools/bin/../lib/gcc/arm-none-eabi/14.3.1/../../../../arm-none-eabi/lib/thumb/v7e-m+fp/hard/libc_nano.a(libc_a-nano-svfprintf.o)
                0x080113f0                _svfprintf_r
                0x080113f0                _svfiprintf_r
 .text.malloc   0x080115e0       0x10 /Applications/STM32CubeIDE.app/Contents/Eclipse/plugins/com.st.stm32cube.ide.mcu.externaltools.gnu-tools-for-stm32.14.3.rel1.macosaarch64_1.0.0.202602081740/tools/bin/../lib/gcc/arm-none-eabi/14.3.1/../../../../arm-none-eabi/lib/thumb/v7e-m+fp/hard/libc_nano.a(libc_a-malloc.o)
                0x080115e0                malloc
 .text.sbrk_aligned
                0x080115f0       0x44 /Applications/STM32CubeIDE.app/Contents/Eclipse/plugins/com.st.stm32cube.ide.mcu.externaltools.gnu-tools-for-stm32.14.3.rel1.macosaarch64_1.0.0.202602081740/tools/bin/../lib/gcc/arm-none-eabi/14.3.1/../../../../arm-none-eabi/lib/thumb/v7e-m+fp/hard/libc_nano.a(libc_a-mallocr.o)
 .text._malloc_r
                0x08011634      0x100 /Applications/STM32CubeIDE.app/Contents/Eclipse/plugins/com.st.stm32cube.ide.mcu.externaltools.gnu-tools-for-stm32.14.3.rel1.macosaarch64_1.0.0.202602081740/tools/bin/../lib/gcc/arm-none-eabi/14.3.1/../../../../arm-none-eabi/lib/thumb/v7e-m+fp/hard/libc_nano.a(libc_a-mallocr.o)
                0x08011634                _malloc_r
 .text.__ascii_mbtowc
                0x08011734       0x24 /Applications/STM32CubeIDE.app/Contents/Eclipse/plugins/com.st.stm32cube.ide.mcu.externaltools.gnu-tools-for-stm32.14.3.rel1.macosaarch64_1.0.0.202602081740/tools/bin/../lib/gcc/arm-none-eabi/14.3.1/../../../../arm-none-eabi/lib/thumb/v7e-m+fp/hard/libc_nano.a(libc_a-mbtowc_r.o)
                0x08011734                __ascii_mbtowc
 .text.__sflush_r
                0x08011758      0x104 /Applications/STM32CubeIDE.app/Contents/Eclipse/plugins/com.st.stm32cube.ide.mcu.externaltools.gnu-tools-for-stm32.14.3.rel1.macosaarch64_1.0.0.202602081740/tools/bin/../lib/gcc/arm-none-eabi/14.3.1/../../../../arm-none-eabi/lib/thumb/v7e-m+fp/hard/libc_nano.a(libc_a-fflush.o)
                0x08011758                __sflush_r
 .text._fflush_r
                0x0801185c       0x50 /Applications/STM32CubeIDE.app/Contents/Eclipse/plugins/com.st.stm32cube.ide.mcu.externaltools.gnu-tools-for-stm32.14.3.rel1.macosaarch64_1.0.0.202602081740/tools/bin/../lib/gcc/arm-none-eabi/14.3.1/../../../../arm-none-eabi/lib/thumb/v7e-m+fp/hard/libc_nano.a(libc_a-fflush.o)
                0x0801185c                _fflush_r
 .text.__malloc_lock
                0x080118ac        0xc /Applications/STM32CubeIDE.app/Contents/Eclipse/plugins/com.st.stm32cube.ide.mcu.externaltools.gnu-tools-for-stm32.14.3.rel1.macosaarch64_1.0.0.202602081740/tools/bin/../lib/gcc/arm-none-eabi/14.3.1/../../../../arm-none-eabi/lib/thumb/v7e-m+fp/hard/libc_nano.a(libc_a-mlock.o)
                0x080118ac                __malloc_lock
 .text.__malloc_unlock
                0x080118b8        0xc /Applications/STM32CubeIDE.app/Contents/Eclipse/plugins/com.st.stm32cube.ide.mcu.externaltools.gnu-tools-for-stm32.14.3.rel1.macosaarch64_1.0.0.202602081740/tools/bin/../lib/gcc/arm-none-eabi/14.3.1/../../../../arm-none-eabi/lib/thumb/v7e-m+fp/hard/libc_nano.a(libc_a-mlock.o)
                0x080118b8                __malloc_unlock
 .text._Balloc  0x080118c4       0x7c /Applications/STM32CubeIDE.app/Contents/Eclipse/plugins/com.st.stm32cube.ide.mcu.externaltools.gnu-tools-for-stm32.14.3.rel1.macosaarch64_1.0.0.202602081740/tools/bin/../lib/gcc/arm-none-eabi/14.3.1/../../../../arm-none-eabi/lib/thumb/v7e-m+fp/hard/libc_nano.a(libc_a-mprec.o)
                0x080118c4                _Balloc
 .text._Bfree   0x08011940       0x44 /Applications/STM32CubeIDE.app/Contents/Eclipse/plugins/com.st.stm32cube.ide.mcu.externaltools.gnu-tools-for-stm32.14.3.rel1.macosaarch64_1.0.0.202602081740/tools/bin/../lib/gcc/arm-none-eabi/14.3.1/../../../../arm-none-eabi/lib/thumb/v7e-m+fp/hard/libc_nano.a(libc_a-mprec.o)
                0x08011940                _Bfree
 .text.__multadd
                0x08011984       0x8c /Applications/STM32CubeIDE.app/Contents/Eclipse/plugins/com.st.stm32cube.ide.mcu.externaltools.gnu-tools-for-stm32.14.3.rel1.macosaarch64_1.0.0.202602081740/tools/bin/../lib/gcc/arm-none-eabi/14.3.1/../../../../arm-none-eabi/lib/thumb/v7e-m+fp/hard/libc_nano.a(libc_a-mprec.o)
                0x08011984                __multadd
 .text.__s2b    0x08011a10       0x94 /Applications/STM32CubeIDE.app/Contents/Eclipse/plugins/com.st.stm32cube.ide.mcu.externaltools.gnu-tools-for-stm32.14.3.rel1.macosaarch64_1.0.0.202602081740/tools/bin/../lib/gcc/arm-none-eabi/14.3.1/../../../../arm-none-eabi/lib/thumb/v7e-m+fp/hard/libc_nano.a(libc_a-mprec.o)
                0x08011a10                __s2b
 .text.__hi0bits