../Core/Src/main.c:118:5:main	8	static
../Core/Src/main.c:212:6:SystemClock_Config	88	static
../Core/Src/main.c:259:13:MX_I2C1_Init	8	static
../Core/Src/main.c:293:13:MX_TIM1_Init	96	static
../Core/Src/main.c:372:13:MX_USART1_UART_Init	8	static
../Core/Src/main.c:405:13:MX_GPIO_Init	40	static
../Core/Src/main.c:448:6:StartIMUTask	40	static
../Core/Src/main.c:468:6:I2C_ScanBus	96	static
../Core/Src/main.c:494:6:StartIMUDebugTask	128	static
../Core/Src/main.c:515:6:StartPIDTask	16	static
../Core/Src/main.c:525:6:StartBTTask	16	static
../Core/Src/main.c:539:6:HAL_UARTEx_RxEventCallback	16	static
../Core/Src/main.c:558:6:StartDefaultTask	16	static
../Core/Src/main.c:574:6:Error_Handler	4	static,ignoring_inline_asm
