../Core/Src/main.c:109:5:main	8	static
../Core/Src/main.c:199:6:SystemClock_Config	88	static
../Core/Src/main.c:246:13:MX_I2C1_Init	8	static
../Core/Src/main.c:280:13:MX_TIM1_Init	96	static
../Core/Src/main.c:359:13:MX_USART1_UART_Init	8	static
../Core/Src/main.c:392:13:MX_GPIO_Init	40	static
../Core/Src/main.c:435:6:StartIMUTask	24	static
../Core/Src/main.c:451:6:StartPIDTask	16	static
../Core/Src/main.c:461:6:StartBTTask	16	static
../Core/Src/main.c:475:6:HAL_UARTEx_RxEventCallback	16	static
../Core/Src/main.c:494:6:StartDefaultTask	16	static
../Core/Src/main.c:510:6:Error_Handler	4	static,ignoring_inline_asm
