../Core/Src/main.c:102:5:main	1
../Core/Src/main.c:172:6:StartIMUTask	2
../Core/Src/main.c:188:6:StartPIDTask	1
../Core/Src/main.c:217:6:StartBTTask	1
../Core/Src/main.c:230:6:HAL_UART_RxCpltCallback	2
../Core/Src/main.c:241:6:StartDefaultTask	1
../Core/Src/main.c:251:6:Error_Handler	1
../Core/Src/main.c:259:6:SystemClock_Config	3
../Core/Src/main.c:289:13:MX_I2C1_Init	2
../Core/Src/main.c:304:13:MX_TIM1_Init	8
../Core/Src/main.c:358:13:MX_USART1_UART_Init	2
../Core/Src/main.c:372:13:MX_GPIO_Init	1
