../Core/Src/main.c:118:5:main	2
../Core/Src/main.c:212:6:SystemClock_Config	3
../Core/Src/main.c:259:13:MX_I2C1_Init	2
../Core/Src/main.c:293:13:MX_TIM1_Init	8
../Core/Src/main.c:372:13:MX_USART1_UART_Init	2
../Core/Src/main.c:405:13:MX_GPIO_Init	1
../Core/Src/main.c:448:6:StartIMUTask	2
../Core/Src/main.c:468:6:I2C_ScanBus	3
../Core/Src/main.c:494:6:StartIMUDebugTask	1
../Core/Src/main.c:515:6:StartPIDTask	1
../Core/Src/main.c:525:6:StartBTTask	1
../Core/Src/main.c:539:6:HAL_UARTEx_RxEventCallback	2
../Core/Src/main.c:558:6:StartDefaultTask	1
../Core/Src/main.c:574:6:Error_Handler	1
